Microchip MPLAB XC8 Compiler V1.33 ()

Linker command line:

-W-3 --edf=C:\Program Files (x86)\Microchip\xc8\v1.33\dat\en_msgs.txt -cs \
  -h+dist/default/production\LAB_ROBOTIC.X.production.sym \
  --cmf=dist/default/production\LAB_ROBOTIC.X.production.cmf -z -Q18F45K22 \
  -oC:\Users\KINGDI~1\AppData\Local\Temp\sa7k.6 \
  -Mdist/default/production/LAB_ROBOTIC.X.production.map -E1 -ver=XC8 \
  -ASTACK=01C2h-05ffh -pstack=STACK -ACODE=00h-07FFFh -ACONST=00h-07FFFh \
  -ASMALLCONST=0600h-06FFhx122 -AMEDIUMCONST=0600h-07FFFh -ACOMRAM=01h-05Fh \
  -AABS1=00h-05FFh -ABIGRAM=01h-05FFh -ARAM=060h-0FFh,0100h-01FFhx5 \
  -ABANK0=060h-0FFh -ABANK1=0100h-01FFh -ABANK2=0200h-02FFh \
  -ABANK3=0300h-03FFh -ABANK4=0400h-04FFh -ABANK5=0500h-05FFh \
  -ASFR=0F38h-0F5Fh,0F60h-0FFFh \
  -preset_vec=00h,intcode=08h,intcodelo,powerup,init,end_init \
  -pramtop=0600h -psmallconst=SMALLCONST -pmediumconst=MEDIUMCONST \
  -pconst=CONST -AFARRAM=00h-00h -ACONFIG=0300000h-030000Dh -pconfig=CONFIG \
  -AIDLOC=0200000h-0200007h -pidloc=IDLOC -AEEDATA=0F00000h-0F000FFh \
  -peeprom_data=EEDATA \
  -prdata=COMRAM,nvrram=COMRAM,nvbit=COMRAM,rbss=COMRAM,rbit=COMRAM \
  -pfarbss=FARRAM,fardata=FARRAM,nvFARRAM=FARRAM \
  -pintsave_regs=BIGRAM,bigbss=BIGRAM,bigdata=BIGRAM -pbss=RAM \
  -pidata=CODE,irdata=CODE,ibigdata=CODE,ifardata=CODE \
  C:\Users\KINGDI~1\AppData\Local\Temp\sa7k.obj \
  dist/default/production\LAB_ROBOTIC.X.production.obj 

Object code version is 3.11

Machine type is 18F45K22

Call graph: (short form)




                Name                               Link     Load   Length Selector   Space Scale
C:\Users\KINGDI~1\AppData\Local\Temp\sa7k.obj
                end_init                            29A      29A        4        4       0
                reset_vec                             0        0        4        0       0
                idloc                            200000   200000        8   200000       0
                config                           300000   300000        E   300000       0
dist/default/production\LAB_ROBOTIC.X.production.obj
                intcode                               8        8      292        4       0
                smallconst                          600      600       40      300       0
                text26                             141E     141E        2      320       0
                text25                             140C     140C        8      320       0
                text24                             141C     141C        2      320       0
                text23                             1404     1404        8      320       0
                text22                             141A     141A        2      320       0
                text21                             13FC     13FC        8      320       0
                text19                              FE2      FE2       9A      320       0
                text18                             1216     1216       52      320       0
                text17                             1330     1330       30      320       0
                text16                             10FE     10FE       72      320       0
                text15                             1360     1360       2C      320       0
                text14                             11C4     11C4       52      320       0
                text13                             12B6     12B6       42      320       0
                text12                              B8E      B8E      1AC      320       0
                text11                             1170     1170       54      320       0
                text10                             107C     107C       82      320       0
                text9                               D3A      D3A      13A      320       0
                text8                              138C     138C       2A      320       0
                text7                              13B6     13B6       22      320       0
                text6                               640      640      54E      320       0
                text5                               F2E      F2E       B4      320       0
                text4                              12F8     12F8       38      320       0
                text3                               E74      E74       BA      320       0
                text2                              13F0     13F0        C      320       0
                text1                              1418     1418        2      320       0
                text0                              13D8     13D8       18      320       0
                cstackCOMRAM                         2B       2B       1F        1       1
                cstackBANK0                          F0       F0       10       60       1
                cstackBANK1                         1C0      1C0        2      100       1
                bssBANK1                            100      100       C0      100       1
                bssBANK0                             60       60       90       60       1
                dataCOMRAM                           4A       4A        4        1       1
                bssCOMRAM                             1        1       2A        1       1
                cinit                              1268     1268       4E      320       0
                idataCOMRAM                        1414     1414        4      320       0

TOTAL           Name                               Link     Load   Length     Space
        CLASS   STACK          

        CLASS   CODE           
                end_init                            29A      29A        4         0
                intcode                               8        8      292         0
                reset_vec                             0        0        4         0
                text26                             141E     141E        2         0
                text25                             140C     140C        8         0
                text24                             141C     141C        2         0
                text23                             1404     1404        8         0
                text22                             141A     141A        2         0
                text21                             13FC     13FC        8         0
                text19                              FE2      FE2       9A         0
                text18                             1216     1216       52         0
                text17                             1330     1330       30         0
                text16                             10FE     10FE       72         0
                text15                             1360     1360       2C         0
                text14                             11C4     11C4       52         0
                text13                             12B6     12B6       42         0
                text12                              B8E      B8E      1AC         0
                text11                             1170     1170       54         0
                text10                             107C     107C       82         0
                text9                               D3A      D3A      13A         0
                text8                              138C     138C       2A         0
                text7                              13B6     13B6       22         0
                text6                               640      640      54E         0
                text5                               F2E      F2E       B4         0
                text4                              12F8     12F8       38         0
                text3                               E74      E74       BA         0
                text2                              13F0     13F0        C         0
                text1                              1418     1418        2         0
                text0                              13D8     13D8       18         0
                cinit                              1268     1268       4E         0
                idataCOMRAM                        1414     1414        4         0

        CLASS   CONST          

        CLASS   SMALLCONST     
                smallconst                          600      600       40         0

        CLASS   MEDIUMCONST    

        CLASS   COMRAM         
                cstackCOMRAM                         2B       2B       1F         1
                dataCOMRAM                           4A       4A        4         1
                bssCOMRAM                             1        1       2A         1

        CLASS   ABS1           

        CLASS   BIGRAM         

        CLASS   RAM            

        CLASS   BANK0          
                cstackBANK0                          F0       F0       10         1
                bssBANK0                             60       60       90         1

        CLASS   BANK1          
                cstackBANK1                         1C0      1C0        2         1
                bssBANK1                            100      100       C0         1

        CLASS   BANK2          

        CLASS   BANK3          

        CLASS   BANK4          

        CLASS   BANK5          

        CLASS   SFR            

        CLASS   FARRAM         

        CLASS   CONFIG         
                config                           300000   300000        E         0

        CLASS   IDLOC          
                idloc                            200000   200000        8         0

        CLASS   EEDATA         



SEGMENTS        Name                           Load    Length   Top    Selector   Space  Class

                reset_vec                      000000  000004  000004         0       0  CODE    
                bssCOMRAM                      000001  00004D  00004E         1       1  COMRAM  
                intcode                        000008  000296  00029E         4       0  CODE    
                bssBANK0                       000060  0000A0  000100        60       1  BANK0   
                bssBANK1                       000100  0000C2  0001C2       100       1  BANK1   
                smallconst                     000600  000040  000640       300       0  SMALLCON
                text6                          000640  000DE0  001420       320       0  CODE    
                idloc                          200000  000008  200008    200000       0  IDLOC   
                config                         300000  00000E  30000E    300000       0  CONFIG  


UNUSED ADDRESS RANGES

        Name                Unused          Largest block    Delta
        BANK1            0001C2-0001FF               3E
        BANK2            000200-0002FF              100
        BANK3            000300-0003FF              100
        BANK4            000400-0004FF              100
        BANK5            000500-0005FF              100
        BIGRAM           00004E-00005F               12
                         0001C2-0005FF              43E
        CODE             000004-000007                4
                         00029E-0005FF              362
                         001420-007FFF             6BE0
        COMRAM           00004E-00005F               12
        CONST            000004-000007                4
                         00029E-0005FF              362
                         001420-007FFF             6BE0
        EEDATA           F00000-F000FF              100
        MEDIUMCONST      001420-007FFF             6BE0
        RAM              0001C2-0005FF              100
        SFR              000F38-000FFF               28
        SMALLCONST       001420-007FFF              100
        STACK            0001C2-0005FF              43E

                                  Symbol Table

?___lldiv                      cstackCOMRAM 00003C
?___lwdiv                      cstackCOMRAM 00003C
?___lwmod                      cstackCOMRAM 000043
?_analogRead                   cstackCOMRAM 00003C
?_sprintf                      cstackBANK0  0000F0
InterruptHandlerHigh@dd        cstackCOMRAM 000039
InterruptHandlerHigh@i         cstackCOMRAM 00003B
Serial_begin@speed             cstackBANK0  0000FB
Serial_println@str             cstackCOMRAM 00003E
Serial_putc@d                  cstackCOMRAM 00003D
Serial_putc@p                  cstackCOMRAM 00003C
_ADCON0                        (abs)        000FC2
_ADCON0bits                    (abs)        000FC2
_ADCON1                        (abs)        000FC1
_ADCON2                        (abs)        000FC0
_ADRESH                        (abs)        000FC4
_ADRESL                        (abs)        000FC3
_ANSELA                        (abs)        000F38
_ANSELB                        (abs)        000F39
_ANSELC                        (abs)        000F3A
_ANSELD                        (abs)        000F3B
_ANSELE                        (abs)        000F3C
_BAUDCON1bits                  (abs)        000FB8
_BAUDCON2bits                  (abs)        000F70
_CCP1CON                       (abs)        000FBD
_CCP2CON                       (abs)        000F66
_CCP3CON                       (abs)        000F5D
_CCP4CON                       (abs)        000F57
_CCPR1H                        (abs)        000FBF
_CCPR1L                        (abs)        000FBE
_CCPR2H                        (abs)        000F68
_CCPR2L                        (abs)        000F67
_CCPR3H                        (abs)        000F5F
_CCPR3L                        (abs)        000F5E
_CCPR4H                        (abs)        000F59
_CCPR4L                        (abs)        000F58
_CCPTMRS0bits                  (abs)        000F49
_CCPTMRS1bits                  (abs)        000F48
_ECCP1AS                       (abs)        000FB6
_ECCP2AS                       (abs)        000F64
_ECCP3AS                       (abs)        000F5B
_EEADR                         (abs)        000FA9
_EECON1bits                    (abs)        000FA6
_EECON2                        (abs)        000FA7
_EEDATA                        (abs)        000FA8
_Flags                         bssCOMRAM    000001
_HMSec                         dataCOMRAM   00004A
_INT0_CallBack                 text26       00141E
_INT0_ISR                      text25       00140C
_INT0_InterruptHandler         bssBANK0     0000BA
_INT1_CallBack                 text24       00141C
_INT1_ISR                      text23       001404
_INT1_InterruptHandler         bssBANK0     0000BC
_INT2_CallBack                 text22       00141A
_INT2_ISR                      text21       0013FC
_INT2_InterruptHandler         bssBANK0     0000BE
_INTCON2bits                   (abs)        000FF1
_INTCON3bits                   (abs)        000FF0
_INTCONbits                    (abs)        000FF2
_InterruptHandlerHigh          intcode      000008
_LATA                          (abs)        000F89
_LATAbits                      (abs)        000F89
_LATB                          (abs)        000F8A
_LATBbits                      (abs)        000F8A
_LATC                          (abs)        000F8B
_LATCbits                      (abs)        000F8B
_LATD                          (abs)        000F8C
_LATDbits                      (abs)        000F8C
_LATE                          (abs)        000F8D
_LATEbits                      (abs)        000F8D
_OSCCON                        (abs)        000FD3
_OSCCON2                       (abs)        000FD2
_OSCTUNE                       (abs)        000F9B
_OneSec                        dataCOMRAM   00004B
_PEIE                          (abs)        007F96
_PIE3bits                      (abs)        000FA3
_PIR1bits                      (abs)        000F9E
_PLLRDY                        (abs)        007E97
_PORTAbits                     (abs)        000F80
_PORTBbits                     (abs)        000F81
_PORTCbits                     (abs)        000F82
_PORTDbits                     (abs)        000F83
_PORTEbits                     (abs)        000F84
_PR2                           (abs)        000FBB
_PSTR1CON                      (abs)        000FB9
_PSTR2CON                      (abs)        000F63
_PSTR3CON                      (abs)        000F5A
_PWM1CON                       (abs)        000FB7
_PWM2CON                       (abs)        000F65
_PWM3CON                       (abs)        000F5C
_RC2IE                         (abs)        007D1D
_RC2IF                         (abs)        007D25
_RC2IP                         (abs)        007D2D
_RCIE                          (abs)        007CED
_RCIF                          (abs)        007CF5
_RCIP                          (abs)        007CFD
_RCONbits                      (abs)        000FD0
_RCREG1                        (abs)        000FAE
_RCREG2                        (abs)        000F74
_RCSTA                         (abs)        000FAB
_RCSTA2                        (abs)        000F71
_RCSTA2bits                    (abs)        000F71
_SPBRG1                        (abs)        000FAF
_SPBRG2                        (abs)        000F75
_SPBRGH                        (abs)        000FB0
_SPBRGH2                       (abs)        000F76
_SSP1BUF                       (abs)        000FC9
_SSPADD                        (abs)        000FC8
_SSPCON1bits                   (abs)        000FC6
_SSPCON2                       (abs)        000FC5
_SSPCON2bits                   (abs)        000FC5
_SSPSTATbits                   (abs)        000FC7
_Serial_begin                  text8        00138C
_Serial_println                text17       001330
_Serial_putc                   text18       001216
_T0CON                         (abs)        000FD5
_T1CON                         (abs)        000FCD
_T1CONbits                     (abs)        000FCD
_T1GCON                        (abs)        000FCC
_T2CON                         (abs)        000FBA
_T2CONbits                     (abs)        000FBA
_TMR0H                         (abs)        000FD7
_TMR0IE                        (abs)        007F95
_TMR0IF                        (abs)        007F92
_TMR0IP                        (abs)        007F8A
_TMR0L                         (abs)        000FD6
_TMR1H                         (abs)        000FCF
_TMR1L                         (abs)        000FCE
_TMR2                          (abs)        000FBC
_TRISAbits                     (abs)        000F92
_TRISBbits                     (abs)        000F93
_TRISC                         (abs)        000F94
_TRISCbits                     (abs)        000F94
_TRISD                         (abs)        000F95
_TRISDbits                     (abs)        000F95
_TRISE                         (abs)        000F96
_TRISEbits                     (abs)        000F96
_TX2IE                         (abs)        007D1C
_TX2IF                         (abs)        007D24
_TX2IP                         (abs)        007D2C
_TXIE                          (abs)        007CEC
_TXIF                          (abs)        007CF4
_TXIP                          (abs)        007CFC
_TXREG                         (abs)        000FAD
_TXREG2                        (abs)        000F73
_TXSTA                         (abs)        000FAC
_TXSTA2                        (abs)        000F72
_Task1                         bssBANK0     0000C0
_Task2                         bssBANK0     0000C1
_Task3                         bssBANK0     0000C2
_Task4                         bssBANK0     0000C3
_Task5                         bssBANK0     0000C4
_Task6                         bssBANK0     0000C5
_Task7                         bssBANK0     0000C6
_Task8                         bssBANK0     0000C7
_TimerArray                    bssBANK0     0000A2
_TimerFlag                     bssCOMRAM    000002
_TmrRxd1                       bssCOMRAM    000003
_TmrRxd2                       bssCOMRAM    000004
_TmrSec                        dataCOMRAM   00004C
_VREFCON0                      (abs)        000F42
__HRAM                         (abs)        000000
__Habs1                        abs1         000000
__Hbank0                       bank0        000000
__Hbank1                       bank1        000000
__Hbank2                       bank2        000000
__Hbank3                       bank3        000000
__Hbank4                       bank4        000000
__Hbank5                       bank5        000000
__Hbigbss                      bigbss       000000
__Hbigdata                     bigdata      000000
__Hbigram                      bigram       000000
__Hbss                         bss          000000
__HbssBANK0                    bssBANK0     000000
__HbssBANK1                    bssBANK1     000000
__HbssCOMRAM                   bssCOMRAM    000000
__Hcinit                       cinit        000000
__Hclrtext                     clrtext      000000
__Hcomram                      comram       000000
__Hconfig                      config       30000E
__Hconst                       const        000000
__HcstackBANK0                 cstackBANK0  000000
__HcstackBANK1                 cstackBANK1  000000
__HcstackCOMRAM                cstackCOMRAM 000000
__Hdata                        data         000000
__HdataCOMRAM                  dataCOMRAM   000000
__Heeprom_data                 eeprom_data  000000
__Hend_init                    end_init     00029E
__Hfarbss                      farbss       000000
__Hfardata                     fardata      000000
__Hibigdata                    ibigdata     000000
__Hidata                       idata        000000
__HidataCOMRAM                 idataCOMRAM  000000
__Hidloc                       idloc        200008
__Hifardata                    ifardata     000000
__Hinit                        init         00029A
__Hintcode                     intcode      00029A
__Hintcode_body                intcode_body 000000
__Hintcodelo                   intcodelo    00029A
__Hintentry                    intentry     000000
__Hintret                      intret       000000
__Hintsave_regs                intsave_regs 000000
__Hirdata                      irdata       000000
__Hmediumconst                 mediumconst  000000
__HnvFARRAM                    nvFARRAM     000000
__Hnvbit                       nvbit        000000
__Hnvrram                      nvrram       000000
__Hparam                       rparam       000000
__Hpowerup                     powerup      00029A
__Hram                         ram          000000
__Hramtop                      ramtop       000600
__Hrbit                        rbit         000000
__Hrbss                        rbss         000000
__Hrdata                       rdata        000000
__Hreset_vec                   reset_vec    000004
__Hrparam                      rparam       000000
__Hsfr                         sfr          000000
__Hsmallconst                  smallconst   000640
__Hspace_0                     (abs)        30000E
__Hspace_1                     (abs)        0001C2
__Hspace_2                     (abs)        000000
__Hstack                       stack        000000
__Hstruct                      struct       000000
__Htemp                        temp         000000
__Htext                        text         000000
__Htext0                       text0        000000
__Htext1                       text1        000000
__Htext10                      text10       000000
__Htext11                      text11       000000
__Htext12                      text12       000000
__Htext13                      text13       000000
__Htext14                      text14       000000
__Htext15                      text15       000000
__Htext16                      text16       000000
__Htext17                      text17       000000
__Htext18                      text18       000000
__Htext19                      text19       000000
__Htext2                       text2        000000
__Htext21                      text21       000000
__Htext22                      text22       000000
__Htext23                      text23       000000
__Htext24                      text24       000000
__Htext25                      text25       000000
__Htext26                      text26       000000
__Htext3                       text3        000000
__Htext4                       text4        000000
__Htext5                       text5        000000
__Htext6                       text6        000000
__Htext7                       text7        000000
__Htext8                       text8        000000
__Htext9                       text9        000000
__LRAM                         (abs)        000001
__Labs1                        abs1         000000
__Lbank0                       bank0        000000
__Lbank1                       bank1        000000
__Lbank2                       bank2        000000
__Lbank3                       bank3        000000
__Lbank4                       bank4        000000
__Lbank5                       bank5        000000
__Lbigbss                      bigbss       000000
__Lbigdata                     bigdata      000000
__Lbigram                      bigram       000000
__Lbss                         bss          000000
__LbssBANK0                    bssBANK0     000000
__LbssBANK1                    bssBANK1     000000
__LbssCOMRAM                   bssCOMRAM    000000
__Lcinit                       cinit        000000
__Lclrtext                     clrtext      000000
__Lcomram                      comram       000000
__Lconfig                      config       300000
__Lconst                       const        000000
__LcstackBANK0                 cstackBANK0  000000
__LcstackBANK1                 cstackBANK1  000000
__LcstackCOMRAM                cstackCOMRAM 000000
__Ldata                        data         000000
__LdataCOMRAM                  dataCOMRAM   000000
__Leeprom_data                 eeprom_data  000000
__Lend_init                    end_init     00029A
__Lfarbss                      farbss       000000
__Lfardata                     fardata      000000
__Libigdata                    ibigdata     000000
__Lidata                       idata        000000
__LidataCOMRAM                 idataCOMRAM  000000
__Lidloc                       idloc        200000
__Lifardata                    ifardata     000000
__Linit                        init         00029A
__Lintcode                     intcode      000008
__Lintcode_body                intcode_body 000000
__Lintcodelo                   intcodelo    00029A
__Lintentry                    intentry     000000
__Lintret                      intret       000000
__Lintsave_regs                intsave_regs 000000
__Lirdata                      irdata       000000
__Lmediumconst                 mediumconst  000000
__LnvFARRAM                    nvFARRAM     000000
__Lnvbit                       nvbit        000000
__Lnvrram                      nvrram       000000
__Lparam                       rparam       000000
__Lpowerup                     powerup      00029A
__Lram                         ram          000000
__Lramtop                      ramtop       000600
__Lrbit                        rbit         000000
__Lrbss                        rbss         000000
__Lrdata                       rdata        000000
__Lreset_vec                   reset_vec    000000
__Lrparam                      rparam       000000
__Lsfr                         sfr          000000
__Lsmallconst                  smallconst   000600
__Lspace_0                     (abs)        000000
__Lspace_1                     (abs)        000000
__Lspace_2                     (abs)        000000
__Lstack                       stack        000000
__Lstruct                      struct       000000
__Ltemp                        temp         000000
__Ltext                        text         000000
__Ltext0                       text0        000000
__Ltext1                       text1        000000
__Ltext10                      text10       000000
__Ltext11                      text11       000000
__Ltext12                      text12       000000
__Ltext13                      text13       000000
__Ltext14                      text14       000000
__Ltext15                      text15       000000
__Ltext16                      text16       000000
__Ltext17                      text17       000000
__Ltext18                      text18       000000
__Ltext19                      text19       000000
__Ltext2                       text2        000000
__Ltext21                      text21       000000
__Ltext22                      text22       000000
__Ltext23                      text23       000000
__Ltext24                      text24       000000
__Ltext25                      text25       000000
__Ltext26                      text26       000000
__Ltext3                       text3        000000
__Ltext4                       text4        000000
__Ltext5                       text5        000000
__Ltext6                       text6        000000
__Ltext7                       text7        000000
__Ltext8                       text8        000000
__Ltext9                       text9        000000
__S0                           (abs)        30000E
__S1                           (abs)        0001C2
__S2                           (abs)        000000
___inthi_sp                    stack        000000
___intlo_sp                    stack        000000
___lldiv                       text10       00107C
___lldiv@counter               cstackCOMRAM 000048
___lldiv@dividend              cstackCOMRAM 00003C
___lldiv@divisor               cstackCOMRAM 000040
___lldiv@quotient              cstackCOMRAM 000044
___lwdiv                       text14       0011C4
___lwdiv@counter               cstackCOMRAM 000040
___lwdiv@dividend              cstackCOMRAM 00003C
___lwdiv@divisor               cstackCOMRAM 00003E
___lwdiv@quotient              cstackCOMRAM 000041
___lwmod                       text13       0012B6
___lwmod@counter               cstackCOMRAM 000047
___lwmod@dividend              cstackCOMRAM 000043
___lwmod@divisor               cstackCOMRAM 000045
___sp                          stack        000000
__accesstop                    (abs)        000060
__activetblptr                 (abs)        000002
__end_of_INT0_CallBack         text26       001420
__end_of_INT0_ISR              text25       001414
__end_of_INT1_CallBack         text24       00141E
__end_of_INT1_ISR              text23       00140C
__end_of_INT2_CallBack         text22       00141C
__end_of_INT2_ISR              text21       001404
__end_of_InterruptHandlerHigh  intcode      00029A
__end_of_Serial_begin          text8        0013B6
__end_of_Serial_println        text17       001360
__end_of_Serial_putc           text18       001268
__end_of___lldiv               text10       0010FE
__end_of___lwdiv               text14       001216
__end_of___lwmod               text13       0012F8
__end_of__initialization       cinit        0012AC
__end_of__stringdata           smallconst   00063E
__end_of_analogInput           text7        0013D8
__end_of_analogRead            text16       001170
__end_of_delay                 text15       00138C
__end_of_dpowers               smallconst   00060B
__end_of_init                  text19       00107C
__end_of_loop                  text11       0011C4
__end_of_main                  text0        0013F0
__end_of_pinMode               text6        000B8E
__end_of_pwm_on                text5        000FE2
__end_of_pwm_out               text4        001330
__end_of_setup                 text3        000F2E
__end_of_sprintf               text12       000D3A
__end_of_sync                  text2        0013FC
__end_of_task                  text1        00141A
__end_of_uart_brg_set          text9        000E74
__initialization               cinit        001268
__mediumconst                  mediumconst  000000
__pbssBANK0                    bssBANK0     000060
__pbssBANK1                    bssBANK1     000100
__pbssCOMRAM                   bssCOMRAM    000001
__pcinit                       cinit        001268
__pcstackBANK0                 cstackBANK0  0000F0
__pcstackBANK1                 cstackBANK1  0001C0
__pcstackCOMRAM                cstackCOMRAM 00002B
__pdataCOMRAM                  dataCOMRAM   00004A
__pidataCOMRAM                 idataCOMRAM  001414
__pintcode                     intcode      000008
__psmallconst                  smallconst   000600
__ptext0                       text0        0013D8
__ptext1                       text1        001418
__ptext10                      text10       00107C
__ptext11                      text11       001170
__ptext12                      text12       000B8E
__ptext13                      text13       0012B6
__ptext14                      text14       0011C4
__ptext15                      text15       001360
__ptext16                      text16       0010FE
__ptext17                      text17       001330
__ptext18                      text18       001216
__ptext19                      text19       000FE2
__ptext2                       text2        0013F0
__ptext21                      text21       0013FC
__ptext22                      text22       00141A
__ptext23                      text23       001404
__ptext24                      text24       00141C
__ptext25                      text25       00140C
__ptext26                      text26       00141E
__ptext3                       text3        000E74
__ptext4                       text4        0012F8
__ptext5                       text5        000F2E
__ptext6                       text6        000640
__ptext7                       text7        0013B6
__ptext8                       text8        00138C
__ptext9                       text9        000D3A
__ramtop                       ramtop       000600
__size_of_INT0_CallBack        (abs)        000000
__size_of_INT0_ISR             (abs)        000000
__size_of_INT1_CallBack        (abs)        000000
__size_of_INT1_ISR             (abs)        000000
__size_of_INT2_CallBack        (abs)        000000
__size_of_INT2_ISR             (abs)        000000
__size_of_InterruptHandlerHigh (abs)        000000
__size_of_Serial_begin         (abs)        000000
__size_of_Serial_println       (abs)        000000
__size_of_Serial_putc          (abs)        000000
__size_of___lldiv              (abs)        000000
__size_of___lwdiv              (abs)        000000
__size_of___lwmod              (abs)        000000
__size_of_analogInput          (abs)        000000
__size_of_analogRead           (abs)        000000
__size_of_delay                (abs)        000000
__size_of_init                 (abs)        000000
__size_of_loop                 (abs)        000000
__size_of_main                 (abs)        000000
__size_of_pinMode              (abs)        000000
__size_of_pwm_on               (abs)        000000
__size_of_pwm_out              (abs)        000000
__size_of_setup                (abs)        000000
__size_of_sprintf              (abs)        000000
__size_of_sync                 (abs)        000000
__size_of_task                 (abs)        000000
__size_of_uart_brg_set         (abs)        000000
__smallconst                   smallconst   000600
__stringdata                   smallconst   00060B
_analogInput                   text7        0013B6
_analogRead                    text16       0010FE
_buf                           bssBANK0     0000D0
_delay                         text15       001360
_dpowers                       smallconst   000601
_i2c_error_flag                bssBANK0     0000C8
_init                          text19       000FE2
_keypad_col1                   bssCOMRAM    000005
_keypad_col2                   bssCOMRAM    000006
_keypad_col3                   bssCOMRAM    000007
_keypad_col4                   bssCOMRAM    000008
_keypad_mode                   bssCOMRAM    000009
_keypad_row1                   bssCOMRAM    00000A
_keypad_row2                   bssCOMRAM    00000B
_keypad_row3                   bssCOMRAM    00000C
_keypad_row4                   bssCOMRAM    00000D
_kstate                        bssCOMRAM    00000E
_lcd_cols                      bssBANK0     0000C9
_lcd_d0                        bssCOMRAM    00000F
_lcd_d1                        bssCOMRAM    000010
_lcd_d2                        bssCOMRAM    000011
_lcd_d3                        bssCOMRAM    000012
_lcd_d4                        bssCOMRAM    000013
_lcd_d5                        bssCOMRAM    000014
_lcd_d6                        bssCOMRAM    000015
_lcd_d7                        bssCOMRAM    000016
_lcd_disp                      dataCOMRAM   00004D
_lcd_en                        bssCOMRAM    000017
_lcd_mode                      bssCOMRAM    000018
_lcd_rows                      bssBANK0     0000CA
_lcd_rs                        bssCOMRAM    000019
_lcd_temp                      bssBANK0     0000CB
_loop                          text11       001170
_main                          text0        0013D8
_pinMode                       text6        000640
_pwm_on                        text5        000F2E
_pwm_out                       text4        0012F8
_setup                         text3        000E74
_spi_mode                      bssCOMRAM    00001A
_sprintf                       text12       000B8E
_sync                          text2        0013F0
_sysTick                       bssBANK0     0000B6
_task                          text1        001418
_uart1_cr_cnt                  bssCOMRAM    00001B
_uart1_lf_cnt                  bssCOMRAM    00001C
_uart1_rx_char                 bssCOMRAM    00001D
_uart1_rx_cnt                  bssCOMRAM    00001E
_uart1_rx_pos                  bssCOMRAM    00001F
_uart1_rx_ready                bssCOMRAM    000020
_uart1_rxbuf                   bssBANK1     000100
_uart1_tx_cnt                  bssCOMRAM    000021
_uart1_tx_pos                  bssCOMRAM    000022
_uart1_txbuf                   bssBANK0     000060
_uart2_cr_cnt                  bssCOMRAM    000023
_uart2_lf_cnt                  bssBANK0     0000CC
_uart2_rx_char                 bssCOMRAM    000024
_uart2_rx_cnt                  bssCOMRAM    000025
_uart2_rx_pos                  bssCOMRAM    000026
_uart2_rx_ready                bssBANK0     0000CD
_uart2_rxbuf                   bssBANK1     000160
_uart2_tx_cnt                  bssCOMRAM    000027
_uart2_tx_pos                  bssCOMRAM    000028
_uart2_txbuf                   bssBANK0     000081
_uart_brg_set                  text9        000D3A
analogInput@ANx                cstackCOMRAM 00003E
analogInput@d                  cstackCOMRAM 00003F
analogRead@adc                 cstackCOMRAM 00003F
analogRead@chn                 cstackCOMRAM 000041
delay@i                        cstackCOMRAM 00003E
delay@ms                       cstackCOMRAM 00003C
end_of_initialization          cinit        0012AC
init@i                         cstackCOMRAM 00003C
intlevel0                      text         000000
intlevel1                      text         000000
intlevel2                      text         000000
intlevel3                      text         000000
keypadRead@keyNew              bssCOMRAM    000029
keypadRead@keyOld              bssCOMRAM    00002A
loop@rv                        cstackBANK1  0001C0
pinMode@mode                   cstackCOMRAM 000040
pinMode@pin                    cstackCOMRAM 000041
pwm_out@ch                     cstackCOMRAM 00003E
pwm_out@dutyValue              cstackCOMRAM 00003C
sprintf@_val                   cstackBANK0  0000FA
sprintf@ap                     cstackBANK0  0000F6
sprintf@c                      cstackBANK0  0000FF
sprintf@f                      cstackBANK0  0000F2
sprintf@flag                   cstackBANK0  0000F8
sprintf@prec                   cstackBANK0  0000F9
sprintf@sp                     cstackBANK0  0000F0
stackhi                        (abs)        0005FF
stacklo                        (abs)        0001C2
start                          init         00029A
start_initialization           cinit        001268
uart_brg_set@brgh              cstackBANK0  0000FA
uart_brg_set@brgl              cstackBANK0  0000F9
uart_brg_set@com               cstackBANK0  0000F8
uart_brg_set@speed             cstackBANK0  0000F0


FUNCTION INFORMATION:

 *************** function _main *****************
 Defined at:
		line 447 in file "picuno.c"
 Parameters:    Size  Location     Type
		None
 Auto vars:     Size  Location     Type
		None
 Return value:  Size  Location     Type
		None               void
 Registers used:
		wreg, fsr2l, fsr2h, status,2, status,0, tblptrl, tblptrh, tblptru, prodl, prodh, cstack
 Tracked objects:
		On entry : 
		On exit  : 
		Unchanged: 
 Data sizes:     COMRAM   BANK0   BANK1   BANK2   BANK3   BANK4   BANK5
      Params:         0       0       0       0       0       0       0
      Locals:         0       0       0       0       0       0       0
      Temps:          0       0       0       0       0       0       0
      Totals:         0       0       0       0       0       0       0
Total ram usage:        0 bytes
 Hardware stack levels required when called:    7
 This function calls:
		_init
		_loop
		_setup
		_sync
		_task
 This function is called by:
		Startup code after reset
 This function uses a non-reentrant model


 *************** function _task *****************
 Defined at:
		line 419 in file "picuno.c"
 Parameters:    Size  Location     Type
		None
 Auto vars:     Size  Location     Type
		None
 Return value:  Size  Location     Type
		None               void
 Registers used:
		None
 Tracked objects:
		On entry : 
		On exit  : 
		Unchanged: 
 Data sizes:     COMRAM   BANK0   BANK1   BANK2   BANK3   BANK4   BANK5
      Params:         0       0       0       0       0       0       0
      Locals:         0       0       0       0       0       0       0
      Temps:          0       0       0       0       0       0       0
      Totals:         0       0       0       0       0       0       0
Total ram usage:        0 bytes
 Hardware stack levels used:    1
 Hardware stack levels required when called:    3
 This function calls:
		Nothing
 This function is called by:
		_main
 This function uses a non-reentrant model


 *************** function _sync *****************
 Defined at:
		line 280 in file "picuno.c"
 Parameters:    Size  Location     Type
		None
 Auto vars:     Size  Location     Type
		None
 Return value:  Size  Location     Type
		None               void
 Registers used:
		None
 Tracked objects:
		On entry : 
		On exit  : 
		Unchanged: 
 Data sizes:     COMRAM   BANK0   BANK1   BANK2   BANK3   BANK4   BANK5
      Params:         0       0       0       0       0       0       0
      Locals:         0       0       0       0       0       0       0
      Temps:          0       0       0       0       0       0       0
      Totals:         0       0       0       0       0       0       0
Total ram usage:        0 bytes
 Hardware stack levels used:    1
 Hardware stack levels required when called:    3
 This function calls:
		Nothing
 This function is called by:
		_main
 This function uses a non-reentrant model


 *************** function _setup *****************
 Defined at:
		line 20 in file "lab1.c"
 Parameters:    Size  Location     Type
		None
 Auto vars:     Size  Location     Type
		None
 Return value:  Size  Location     Type
		None               void
 Registers used:
		wreg, fsr2l, fsr2h, status,2, status,0, tblptrl, tblptrh, tblptru, prodl, prodh, cstack
 Tracked objects:
		On entry : 
		On exit  : 
		Unchanged: 
 Data sizes:     COMRAM   BANK0   BANK1   BANK2   BANK3   BANK4   BANK5
      Params:         0       0       0       0       0       0       0
      Locals:         0       0       0       0       0       0       0
      Temps:          0       0       0       0       0       0       0
      Totals:         0       0       0       0       0       0       0
Total ram usage:        0 bytes
 Hardware stack levels used:    1
 Hardware stack levels required when called:    6
 This function calls:
		_Serial_begin
		_Serial_println
		_pinMode
		_pwm_on
		_pwm_out
		_sprintf
 This function is called by:
		_main
 This function uses a non-reentrant model


 *************** function _pwm_out *****************
 Defined at:
		line 2999 in file "picuno.c"
 Parameters:    Size  Location     Type
  ch              1    wreg     unsigned char 
  dutyValue       2   17[COMRAM] unsigned int 
 Auto vars:     Size  Location     Type
  ch              1   19[COMRAM] unsigned char 
 Return value:  Size  Location     Type
		None               void
 Registers used:
		wreg, status,2, status,0
 Tracked objects:
		On entry : 
		On exit  : 
		Unchanged: 
 Data sizes:     COMRAM   BANK0   BANK1   BANK2   BANK3   BANK4   BANK5
      Params:         2       0       0       0       0       0       0
      Locals:         1       0       0       0       0       0       0
      Temps:          0       0       0       0       0       0       0
      Totals:         3       0       0       0       0       0       0
Total ram usage:        3 bytes
 Hardware stack levels used:    1
 Hardware stack levels required when called:    3
 This function calls:
		Nothing
 This function is called by:
		_setup
 This function uses a non-reentrant model


 *************** function _pwm_on *****************
 Defined at:
		line 2889 in file "picuno.c"
 Parameters:    Size  Location     Type
		None
 Auto vars:     Size  Location     Type
		None
 Return value:  Size  Location     Type
		None               void
 Registers used:
		wreg, status,2, status,0, cstack
 Tracked objects:
		On entry : 
		On exit  : 
		Unchanged: 
 Data sizes:     COMRAM   BANK0   BANK1   BANK2   BANK3   BANK4   BANK5
      Params:         0       0       0       0       0       0       0
      Locals:         0       0       0       0       0       0       0
      Temps:          0       0       0       0       0       0       0
      Totals:         0       0       0       0       0       0       0
Total ram usage:        0 bytes
 Hardware stack levels used:    1
 Hardware stack levels required when called:    5
 This function calls:
		_pinMode
 This function is called by:
		_setup
 This function uses a non-reentrant model


 *************** function _pinMode *****************
 Defined at:
		line 494 in file "picuno.c"
 Parameters:    Size  Location     Type
  pin             1    wreg     unsigned char 
  mode            1   21[COMRAM] unsigned char 
 Auto vars:     Size  Location     Type
  pin             1   22[COMRAM] unsigned char 
 Return value:  Size  Location     Type
		None               void
 Registers used:
		wreg, status,2, status,0, cstack
 Tracked objects:
		On entry : 
		On exit  : 
		Unchanged: 
 Data sizes:     COMRAM   BANK0   BANK1   BANK2   BANK3   BANK4   BANK5
      Params:         1       0       0       0       0       0       0
      Locals:         1       0       0       0       0       0       0
      Temps:          0       0       0       0       0       0       0
      Totals:         2       0       0       0       0       0       0
Total ram usage:        2 bytes
 Hardware stack levels used:    1
 Hardware stack levels required when called:    4
 This function calls:
		_analogInput
 This function is called by:
		_pwm_on
		_setup
		_pulseIn
		_keypad_begin34
		_keypad_begin44
		_lcd_init4
		_lcd_init8
		_i2c_init
 This function uses a non-reentrant model


 *************** function _analogInput *****************
 Defined at:
		line 466 in file "picuno.c"
 Parameters:    Size  Location     Type
  ANx             1    wreg     unsigned char 
 Auto vars:     Size  Location     Type
  ANx             1   19[COMRAM] unsigned char 
  d               1   20[COMRAM] unsigned char 
 Return value:  Size  Location     Type
		None               void
 Registers used:
		wreg, status,2, status,0
 Tracked objects:
		On entry : 
		On exit  : 
		Unchanged: 
 Data sizes:     COMRAM   BANK0   BANK1   BANK2   BANK3   BANK4   BANK5
      Params:         0       0       0       0       0       0       0
      Locals:         2       0       0       0       0       0       0
      Temps:          2       0       0       0       0       0       0
      Totals:         4       0       0       0       0       0       0
Total ram usage:        4 bytes
 Hardware stack levels used:    1
 Hardware stack levels required when called:    3
 This function calls:
		Nothing
 This function is called by:
		_pinMode
 This function uses a non-reentrant model


 *************** function _Serial_begin *****************
 Defined at:
		line 2076 in file "picuno.c"
 Parameters:    Size  Location     Type
  speed           4   11[BANK0 ] unsigned long 
 Auto vars:     Size  Location     Type
		None
 Return value:  Size  Location     Type
		None               void
 Registers used:
		wreg, status,2, status,0, cstack
 Tracked objects:
		On entry : 
		On exit  : 
		Unchanged: 
 Data sizes:     COMRAM   BANK0   BANK1   BANK2   BANK3   BANK4   BANK5
      Params:         0       4       0       0       0       0       0
      Locals:         0       0       0       0       0       0       0
      Temps:          0       0       0       0       0       0       0
      Totals:         0       4       0       0       0       0       0
Total ram usage:        4 bytes
 Hardware stack levels used:    1
 Hardware stack levels required when called:    5
 This function calls:
		_uart_brg_set
 This function is called by:
		_setup
 This function uses a non-reentrant model


 *************** function _uart_brg_set *****************
 Defined at:
		line 2047 in file "picuno.c"
 Parameters:    Size  Location     Type
  com             1    wreg     unsigned char 
  speed           4    0[BANK0 ] unsigned long 
 Auto vars:     Size  Location     Type
  com             1    8[BANK0 ] unsigned char 
  brgh            1   10[BANK0 ] unsigned char 
  brgl            1    9[BANK0 ] unsigned char 
 Return value:  Size  Location     Type
		None               void
 Registers used:
		wreg, status,2, status,0, cstack
 Tracked objects:
		On entry : 
		On exit  : 
		Unchanged: 
 Data sizes:     COMRAM   BANK0   BANK1   BANK2   BANK3   BANK4   BANK5
      Params:         0       4       0       0       0       0       0
      Locals:         0       3       0       0       0       0       0
      Temps:          0       4       0       0       0       0       0
      Totals:         0      11       0       0       0       0       0
Total ram usage:       11 bytes
 Hardware stack levels used:    1
 Hardware stack levels required when called:    4
 This function calls:
		___lldiv
 This function is called by:
		_Serial_begin
		_Serial2_begin
 This function uses a non-reentrant model


 *************** function ___lldiv *****************
 Defined at:
		line 8 in file "C:\Program Files (x86)\Microchip\xc8\v1.33\sources\common\lldiv.c"
 Parameters:    Size  Location     Type
  dividend        4   17[COMRAM] unsigned long 
  divisor         4   21[COMRAM] unsigned long 
 Auto vars:     Size  Location     Type
  quotient        4   25[COMRAM] unsigned long 
  counter         1   29[COMRAM] unsigned char 
 Return value:  Size  Location     Type
                  4   17[COMRAM] unsigned long 
 Registers used:
		wreg, status,2, status,0
 Tracked objects:
		On entry : 
		On exit  : 
		Unchanged: 
 Data sizes:     COMRAM   BANK0   BANK1   BANK2   BANK3   BANK4   BANK5
      Params:         8       0       0       0       0       0       0
      Locals:         5       0       0       0       0       0       0
      Temps:          0       0       0       0       0       0       0
      Totals:        13       0       0       0       0       0       0
Total ram usage:       13 bytes
 Hardware stack levels used:    1
 Hardware stack levels required when called:    3
 This function calls:
		Nothing
 This function is called by:
		_uart_brg_set
		_timerSet
		_i2c_init
 This function uses a non-reentrant model


 *************** function _loop *****************
 Defined at:
		line 39 in file "lab1.c"
 Parameters:    Size  Location     Type
		None
 Auto vars:     Size  Location     Type
  rv              2    0[BANK1 ] unsigned int 
 Return value:  Size  Location     Type
		None               void
 Registers used:
		wreg, fsr2l, fsr2h, status,2, status,0, tblptrl, tblptrh, tblptru, prodl, prodh, cstack
 Tracked objects:
		On entry : 
		On exit  : 
		Unchanged: 
 Data sizes:     COMRAM   BANK0   BANK1   BANK2   BANK3   BANK4   BANK5
      Params:         0       0       0       0       0       0       0
      Locals:         0       0       2       0       0       0       0
      Temps:          0       0       0       0       0       0       0
      Totals:         0       0       2       0       0       0       0
Total ram usage:        2 bytes
 Hardware stack levels used:    1
 Hardware stack levels required when called:    5
 This function calls:
		_Serial_println
		_analogRead
		_delay
		_sprintf
 This function is called by:
		_main
 This function uses a non-reentrant model


 *************** function _sprintf *****************
 Defined at:
		line 492 in file "C:\Program Files (x86)\Microchip\xc8\v1.33\sources\common\doprnt.c"
 Parameters:    Size  Location     Type
  sp              2    0[BANK0 ] PTR unsigned char 
		 -> buf(32), 
  f               2    2[BANK0 ] PTR const unsigned char 
		 -> STR_2(18), STR_1(33), 
 Auto vars:     Size  Location     Type
  _val            5   10[BANK0 ] struct .
  ap              2    6[BANK0 ] PTR void [1]
		 -> ?_sprintf(2), 
  c               1   15[BANK0 ] char 
  prec            1    9[BANK0 ] char 
  flag            1    8[BANK0 ] unsigned char 
 Return value:  Size  Location     Type
                  2    0[BANK0 ] int 
 Registers used:
		wreg, fsr2l, fsr2h, status,2, status,0, tblptrl, tblptrh, tblptru, prodl, prodh, cstack
 Tracked objects:
		On entry : 
		On exit  : 
		Unchanged: 
 Data sizes:     COMRAM   BANK0   BANK1   BANK2   BANK3   BANK4   BANK5
      Params:         0       6       0       0       0       0       0
      Locals:         0      10       0       0       0       0       0
      Temps:          2       0       0       0       0       0       0
      Totals:         2      16       0       0       0       0       0
Total ram usage:       18 bytes
 Hardware stack levels used:    1
 Hardware stack levels required when called:    4
 This function calls:
		___lwdiv
		___lwmod
 This function is called by:
		_setup
		_loop
 This function uses a non-reentrant model


 *************** function ___lwmod *****************
 Defined at:
		line 8 in file "C:\Program Files (x86)\Microchip\xc8\v1.33\sources\common\lwmod.c"
 Parameters:    Size  Location     Type
  dividend        2   24[COMRAM] unsigned int 
  divisor         2   26[COMRAM] unsigned int 
 Auto vars:     Size  Location     Type
  counter         1   28[COMRAM] unsigned char 
 Return value:  Size  Location     Type
                  2   24[COMRAM] unsigned int 
 Registers used:
		wreg, status,2, status,0
 Tracked objects:
		On entry : 
		On exit  : 
		Unchanged: 
 Data sizes:     COMRAM   BANK0   BANK1   BANK2   BANK3   BANK4   BANK5
      Params:         4       0       0       0       0       0       0
      Locals:         1       0       0       0       0       0       0
      Temps:          0       0       0       0       0       0       0
      Totals:         5       0       0       0       0       0       0
Total ram usage:        5 bytes
 Hardware stack levels used:    1
 Hardware stack levels required when called:    3
 This function calls:
		Nothing
 This function is called by:
		_sprintf
		_lcd_puti
		_Serial_puti
		_Serial2_puti
 This function uses a non-reentrant model


 *************** function ___lwdiv *****************
 Defined at:
		line 8 in file "C:\Program Files (x86)\Microchip\xc8\v1.33\sources\common\lwdiv.c"
 Parameters:    Size  Location     Type
  dividend        2   17[COMRAM] unsigned int 
  divisor         2   19[COMRAM] unsigned int 
 Auto vars:     Size  Location     Type
  quotient        2   22[COMRAM] unsigned int 
  counter         1   21[COMRAM] unsigned char 
 Return value:  Size  Location     Type
                  2   17[COMRAM] unsigned int 
 Registers used:
		wreg, status,2, status,0
 Tracked objects:
		On entry : 
		On exit  : 
		Unchanged: 
 Data sizes:     COMRAM   BANK0   BANK1   BANK2   BANK3   BANK4   BANK5
      Params:         4       0       0       0       0       0       0
      Locals:         3       0       0       0       0       0       0
      Temps:          0       0       0       0       0       0       0
      Totals:         7       0       0       0       0       0       0
Total ram usage:        7 bytes
 Hardware stack levels used:    1
 Hardware stack levels required when called:    3
 This function calls:
		Nothing
 This function is called by:
		_sprintf
		_lcd_puti
		_Serial_puti
		_Serial2_puti
 This function uses a non-reentrant model


 *************** function _delay *****************
 Defined at:
		line 295 in file "picuno.c"
 Parameters:    Size  Location     Type
  ms              2   17[COMRAM] unsigned int 
 Auto vars:     Size  Location     Type
  i               2   19[COMRAM] unsigned int 
 Return value:  Size  Location     Type
		None               void
 Registers used:
		wreg, status,2, status,0
 Tracked objects:
		On entry : 
		On exit  : 
		Unchanged: 
 Data sizes:     COMRAM   BANK0   BANK1   BANK2   BANK3   BANK4   BANK5
      Params:         2       0       0       0       0       0       0
      Locals:         2       0       0       0       0       0       0
      Temps:          0       0       0       0       0       0       0
      Totals:         4       0       0       0       0       0       0
Total ram usage:        4 bytes
 Hardware stack levels used:    1
 Hardware stack levels required when called:    3
 This function calls:
		Nothing
 This function is called by:
		_loop
		_lcd_begin
 This function uses a non-reentrant model


 *************** function _analogRead *****************
 Defined at:
		line 1568 in file "picuno.c"
 Parameters:    Size  Location     Type
  chn             1    wreg     unsigned char 
 Auto vars:     Size  Location     Type
  chn             1   22[COMRAM] unsigned char 
  adc             2   20[COMRAM] unsigned int 
 Return value:  Size  Location     Type
                  2   17[COMRAM] unsigned int 
 Registers used:
		wreg, status,2, status,0
 Tracked objects:
		On entry : 
		On exit  : 
		Unchanged: 
 Data sizes:     COMRAM   BANK0   BANK1   BANK2   BANK3   BANK4   BANK5
      Params:         2       0       0       0       0       0       0
      Locals:         3       0       0       0       0       0       0
      Temps:          1       0       0       0       0       0       0
      Totals:         6       0       0       0       0       0       0
Total ram usage:        6 bytes
 Hardware stack levels used:    1
 Hardware stack levels required when called:    3
 This function calls:
		Nothing
 This function is called by:
		_loop
 This function uses a non-reentrant model


 *************** function _Serial_println *****************
 Defined at:
		line 2171 in file "picuno.c"
 Parameters:    Size  Location     Type
  str             2   19[COMRAM] PTR const unsigned char 
		 -> buf(32), 
 Auto vars:     Size  Location     Type
		None
 Return value:  Size  Location     Type
		None               void
 Registers used:
		wreg, fsr2l, fsr2h, status,2, status,0, prodl, prodh, cstack
 Tracked objects:
		On entry : 
		On exit  : 
		Unchanged: 
 Data sizes:     COMRAM   BANK0   BANK1   BANK2   BANK3   BANK4   BANK5
      Params:         2       0       0       0       0       0       0
      Locals:         0       0       0       0       0       0       0
      Temps:          0       0       0       0       0       0       0
      Totals:         2       0       0       0       0       0       0
Total ram usage:        2 bytes
 Hardware stack levels used:    1
 Hardware stack levels required when called:    4
 This function calls:
		_Serial_putc
 This function is called by:
		_setup
		_loop
 This function uses a non-reentrant model


 *************** function _Serial_putc *****************
 Defined at:
		line 2105 in file "picuno.c"
 Parameters:    Size  Location     Type
  d               1    wreg     unsigned char 
 Auto vars:     Size  Location     Type
  d               1   18[COMRAM] unsigned char 
  p               1   17[COMRAM] unsigned char 
 Return value:  Size  Location     Type
		None               void
 Registers used:
		wreg, fsr2l, fsr2h, status,2, status,0, prodl, prodh
 Tracked objects:
		On entry : 
		On exit  : 
		Unchanged: 
 Data sizes:     COMRAM   BANK0   BANK1   BANK2   BANK3   BANK4   BANK5
      Params:         0       0       0       0       0       0       0
      Locals:         2       0       0       0       0       0       0
      Temps:          0       0       0       0       0       0       0
      Totals:         2       0       0       0       0       0       0
Total ram usage:        2 bytes
 Hardware stack levels used:    1
 Hardware stack levels required when called:    3
 This function calls:
		Nothing
 This function is called by:
		_Serial_println
		_Serial_crlf
		_Serial_puth
		_Serial_puti
		_Serial_print
		_Serial_write
		_Serial_writeln
 This function uses a non-reentrant model


 *************** function _init *****************
 Defined at:
		line 187 in file "picuno.c"
 Parameters:    Size  Location     Type
		None
 Auto vars:     Size  Location     Type
  i               1   17[COMRAM] unsigned char 
 Return value:  Size  Location     Type
		None               void
 Registers used:
		wreg, fsr2l, fsr2h, status,2, status,0, prodl, prodh
 Tracked objects:
		On entry : 
		On exit  : 
		Unchanged: 
 Data sizes:     COMRAM   BANK0   BANK1   BANK2   BANK3   BANK4   BANK5
      Params:         0       0       0       0       0       0       0
      Locals:         1       0       0       0       0       0       0
      Temps:          0       0       0       0       0       0       0
      Totals:         1       0       0       0       0       0       0
Total ram usage:        1 bytes
 Hardware stack levels used:    1
 Hardware stack levels required when called:    3
 This function calls:
		Nothing
 This function is called by:
		_main
 This function uses a non-reentrant model


 *************** function _InterruptHandlerHigh *****************
 Defined at:
		line 52 in file "picuno.c"
 Parameters:    Size  Location     Type
		None
 Auto vars:     Size  Location     Type
  dd              2   14[COMRAM] unsigned int 
  i               1   16[COMRAM] unsigned char 
 Return value:  Size  Location     Type
		None               void
 Registers used:
		wreg, fsr2l, fsr2h, status,2, status,0, prodl, prodh, cstack
 Tracked objects:
		On entry : 
		On exit  : 
		Unchanged: 
 Data sizes:     COMRAM   BANK0   BANK1   BANK2   BANK3   BANK4   BANK5
      Params:         0       0       0       0       0       0       0
      Locals:         3       0       0       0       0       0       0
      Temps:         14       0       0       0       0       0       0
      Totals:        17       0       0       0       0       0       0
Total ram usage:       17 bytes
 Hardware stack levels used:    1
 Hardware stack levels required when called:    2
 This function calls:
		_INT0_ISR
		_INT1_ISR
		_INT2_ISR
 This function is called by:
		Interrupt level 2
 This function uses a non-reentrant model


 *************** function _INT2_ISR *****************
 Defined at:
		line 3190 in file "picuno.c"
 Parameters:    Size  Location     Type
		None
 Auto vars:     Size  Location     Type
		None
 Return value:  Size  Location     Type
		None               void
 Registers used:
		wreg, status,2, status,0, cstack
 Tracked objects:
		On entry : 
		On exit  : 
		Unchanged: 
 Data sizes:     COMRAM   BANK0   BANK1   BANK2   BANK3   BANK4   BANK5
      Params:         0       0       0       0       0       0       0
      Locals:         0       0       0       0       0       0       0
      Temps:          0       0       0       0       0       0       0
      Totals:         0       0       0       0       0       0       0
Total ram usage:        0 bytes
 Hardware stack levels used:    1
 Hardware stack levels required when called:    1
 This function calls:
		_INT2_CallBack
 This function is called by:
		_InterruptHandlerHigh
 This function uses a non-reentrant model


 *************** function _INT2_CallBack *****************
 Defined at:
		line 3199 in file "picuno.c"
 Parameters:    Size  Location     Type
		None
 Auto vars:     Size  Location     Type
		None
 Return value:  Size  Location     Type
		None               void
 Registers used:
		wreg, status,2, status,0
 Tracked objects:
		On entry : 
		On exit  : 
		Unchanged: 
 Data sizes:     COMRAM   BANK0   BANK1   BANK2   BANK3   BANK4   BANK5
      Params:         0       0       0       0       0       0       0
      Locals:         0       0       0       0       0       0       0
      Temps:          0       0       0       0       0       0       0
      Totals:         0       0       0       0       0       0       0
Total ram usage:        0 bytes
 Hardware stack levels used:    1
 This function calls:
		Nothing
 This function is called by:
		_INT2_ISR
 This function uses a non-reentrant model


 *************** function _INT1_ISR *****************
 Defined at:
		line 3169 in file "picuno.c"
 Parameters:    Size  Location     Type
		None
 Auto vars:     Size  Location     Type
		None
 Return value:  Size  Location     Type
		None               void
 Registers used:
		wreg, status,2, status,0, cstack
 Tracked objects:
		On entry : 
		On exit  : 
		Unchanged: 
 Data sizes:     COMRAM   BANK0   BANK1   BANK2   BANK3   BANK4   BANK5
      Params:         0       0       0       0       0       0       0
      Locals:         0       0       0       0       0       0       0
      Temps:          0       0       0       0       0       0       0
      Totals:         0       0       0       0       0       0       0
Total ram usage:        0 bytes
 Hardware stack levels used:    1
 Hardware stack levels required when called:    1
 This function calls:
		_INT1_CallBack
 This function is called by:
		_InterruptHandlerHigh
 This function uses a non-reentrant model


 *************** function _INT1_CallBack *****************
 Defined at:
		line 3177 in file "picuno.c"
 Parameters:    Size  Location     Type
		None
 Auto vars:     Size  Location     Type
		None
 Return value:  Size  Location     Type
		None               void
 Registers used:
		wreg, status,2, status,0
 Tracked objects:
		On entry : 
		On exit  : 
		Unchanged: 
 Data sizes:     COMRAM   BANK0   BANK1   BANK2   BANK3   BANK4   BANK5
      Params:         0       0       0       0       0       0       0
      Locals:         0       0       0       0       0       0       0
      Temps:          0       0       0       0       0       0       0
      Totals:         0       0       0       0       0       0       0
Total ram usage:        0 bytes
 Hardware stack levels used:    1
 This function calls:
		Nothing
 This function is called by:
		_INT1_ISR
 This function uses a non-reentrant model


 *************** function _INT0_ISR *****************
 Defined at:
		line 3148 in file "picuno.c"
 Parameters:    Size  Location     Type
		None
 Auto vars:     Size  Location     Type
		None
 Return value:  Size  Location     Type
		None               void
 Registers used:
		wreg, status,2, status,0, cstack
 Tracked objects:
		On entry : 
		On exit  : 
		Unchanged: 
 Data sizes:     COMRAM   BANK0   BANK1   BANK2   BANK3   BANK4   BANK5
      Params:         0       0       0       0       0       0       0
      Locals:         0       0       0       0       0       0       0
      Temps:          0       0       0       0       0       0       0
      Totals:         0       0       0       0       0       0       0
Total ram usage:        0 bytes
 Hardware stack levels used:    1
 Hardware stack levels required when called:    1
 This function calls:
		_INT0_CallBack
 This function is called by:
		_InterruptHandlerHigh
 This function uses a non-reentrant model


 *************** function _INT0_CallBack *****************
 Defined at:
		line 3156 in file "picuno.c"
 Parameters:    Size  Location     Type
		None
 Auto vars:     Size  Location     Type
		None
 Return value:  Size  Location     Type
		None               void
 Registers used:
		wreg, status,2, status,0
 Tracked objects:
		On entry : 
		On exit  : 
		Unchanged: 
 Data sizes:     COMRAM   BANK0   BANK1   BANK2   BANK3   BANK4   BANK5
      Params:         0       0       0       0       0       0       0
      Locals:         0       0       0       0       0       0       0
      Temps:          0       0       0       0       0       0       0
      Totals:         0       0       0       0       0       0       0
Total ram usage:        0 bytes
 Hardware stack levels used:    1
 This function calls:
		Nothing
 This function is called by:
		_INT0_ISR
 This function uses a non-reentrant model



MODULE INFORMATION

Module		Function		Class		Link	Load	Size
C:\Program Files (x86)\Microchip\xc8\v1.33\sources\common\doprnt.c
		_sprintf       		CODE           	0B8E	0000	428

C:\Program Files (x86)\Microchip\xc8\v1.33\sources\common\doprnt.c estimated size: 428

C:\Program Files (x86)\Microchip\xc8\v1.33\sources\common\lwmod.c
		___lwmod       		CODE           	12B6	0000	66

C:\Program Files (x86)\Microchip\xc8\v1.33\sources\common\lwmod.c estimated size: 66

C:\Program Files (x86)\Microchip\xc8\v1.33\sources\common\lwdiv.c
		___lwdiv       		CODE           	11C4	0000	82

C:\Program Files (x86)\Microchip\xc8\v1.33\sources\common\lwdiv.c estimated size: 82

C:\Program Files (x86)\Microchip\xc8\v1.33\sources\common\lldiv.c
		___lldiv       		CODE           	107C	0000	130

C:\Program Files (x86)\Microchip\xc8\v1.33\sources\common\lldiv.c estimated size: 130

shared
		__stringdata   		SMALLCONST     	060B	0000	51
		_dpowers       		SMALLCONST     	0601	0000	10
		__initializatio		CODE           	1268	0000	68

shared estimated size: 129

picuno.c
		_init          		CODE           	0FE2	0000	154
		_delay         		CODE           	1360	0000	44
		_sync          		CODE           	13F0	0000	12
		_Serial_putc   		CODE           	1216	0000	82
		_main          		CODE           	13D8	0000	24
		_Serial_begin  		CODE           	138C	0000	42
		_INT0_CallBack 		CODE           	141E	0000	2
		_task          		CODE           	1418	0000	2
		_Serial_println		CODE           	1330	0000	48
		_INT1_CallBack 		CODE           	141C	0000	2
		_pwm_on        		CODE           	0F2E	0000	180
		_INT2_CallBack 		CODE           	141A	0000	2
		_analogInput   		CODE           	13B6	0000	34
		_InterruptHandl		CODE           	0008	0000	658
		_INT0_ISR      		CODE           	140C	0000	8
		_pwm_out       		CODE           	12F8	0000	56
		_uart_brg_set  		CODE           	0D3A	0000	314
		_pinMode       		CODE           	0640	0000	1358
		_analogRead    		CODE           	10FE	0000	114
		_INT1_ISR      		CODE           	1404	0000	8
		_INT2_ISR      		CODE           	13FC	0000	8

picuno.c estimated size: 3152

lab1.c
		_loop          		CODE           	1170	0000	84
		_setup         		CODE           	0E74	0000	186

lab1.c estimated size: 270

