Microchip MPLAB XC8 Compiler V1.33 ()

Linker command line:

-W-3 --edf=C:\Program Files (x86)\Microchip\xc8\v1.33\dat\en_msgs.txt -cs \
  -h+dist/default/production\LAB_ROBOTIC.X.production.sym \
  --cmf=dist/default/production\LAB_ROBOTIC.X.production.cmf -z -Q18F45K22 \
  -oC:\Users\KINGDI~1\AppData\Local\Temp\scuk.6 \
  -Mdist/default/production/LAB_ROBOTIC.X.production.map -E1 -ver=XC8 \
  -ASTACK=01C0h-05ffh -pstack=STACK -ACODE=00h-07FFFh -ACONST=00h-07FFFh \
  -ASMALLCONST=0600h-06FFhx122 -AMEDIUMCONST=0600h-07FFFh -ACOMRAM=01h-05Fh \
  -AABS1=00h-05FFh -ABIGRAM=01h-05FFh -ARAM=060h-0FFh,0100h-01FFhx5 \
  -ABANK0=060h-0FFh -ABANK1=0100h-01FFh -ABANK2=0200h-02FFh \
  -ABANK3=0300h-03FFh -ABANK4=0400h-04FFh -ABANK5=0500h-05FFh \
  -ASFR=0F38h-0F5Fh,0F60h-0FFFh \
  -preset_vec=00h,intcode=08h,intcodelo,powerup,init,end_init \
  -pramtop=0600h -psmallconst=SMALLCONST -pmediumconst=MEDIUMCONST \
  -pconst=CONST -AFARRAM=00h-00h -ACONFIG=0300000h-030000Dh -pconfig=CONFIG \
  -AIDLOC=0200000h-0200007h -pidloc=IDLOC -AEEDATA=0F00000h-0F000FFh \
  -peeprom_data=EEDATA \
  -prdata=COMRAM,nvrram=COMRAM,nvbit=COMRAM,rbss=COMRAM,rbit=COMRAM \
  -pfarbss=FARRAM,fardata=FARRAM,nvFARRAM=FARRAM \
  -pintsave_regs=BIGRAM,bigbss=BIGRAM,bigdata=BIGRAM -pbss=RAM \
  -pidata=CODE,irdata=CODE,ibigdata=CODE,ifardata=CODE \
  C:\Users\KINGDI~1\AppData\Local\Temp\scuk.obj \
  dist/default/production\LAB_ROBOTIC.X.production.obj 

Object code version is 3.11

Machine type is 18F45K22

Call graph: (short form)




                Name                               Link     Load   Length Selector   Space Scale
C:\Users\KINGDI~1\AppData\Local\Temp\scuk.obj
                end_init                            294      294        4        4       0
                reset_vec                             0        0        4        0       0
                idloc                            200000   200000        8   200000       0
                config                           300000   300000        E   300000       0
dist/default/production\LAB_ROBOTIC.X.production.obj
                intcode                               8        8      28C        4       0
                smallconst                          600      600       26      300       0
                text32                             18D0     18D0        2      313       0
                text31                             18BA     18BA        8      313       0
                text30                             18CE     18CE        2      313       0
                text29                             18B2     18B2        8      313       0
                text28                             18CC     18CC        2      313       0
                text27                             18AA     18AA        8      313       0
                text25                             1484     1484       9A      313       0
                text24                             18C6     18C6        4      313       0
                text23                             1664     1664       52      313       0
                text22                             1606     1606       5E      313       0
                text21                             1704     1704       3C      313       0
                text20                              DF2      DF2      23E      313       0
                text19                             1824     1824       22      313       0
                text18                              626      626      54E      313       0
                text17                             1866     1866       20      313       0
                text16                             1740     1740       38      313       0
                text15                             151E     151E       84      313       0
                text14                             17A8     17A8       2C      313       0
                text13                              B74      B74      27E      313       0
                text12                             1846     1846       20      313       0
                text11                             17FE     17FE       26      313       0
                text10                             13E8     13E8       9C      313       0
                text9                              15A2     15A2       64      313       0
                text8                              1778     1778       30      313       0
                text7                              1166     1166      120      313       0
                text6                              1030     1030      136      313       0
                text5                              17D4     17D4       2A      313       0
                text4                              1286     1286       B4      313       0
                text3                              133A     133A       AE      313       0
                text2                              189E     189E        C      313       0
                text1                              18CA     18CA        2      313       0
                text0                              1886     1886       18      313       0
                cstackCOMRAM                         2F       2F       1C        1       1
                cstackBANK0                          ED       ED       11       60       1
                bssBANK1                            100      100       C0      100       1
                bssBANK0                             60       60       8D       60       1
                dataCOMRAM                           4B       4B        4        1       1
                bssCOMRAM                             1        1       2E        1       1
                cinit                              16B6     16B6       4E      313       0
                idataCOMRAM                        18C2     18C2        4      313       0

TOTAL           Name                               Link     Load   Length     Space
        CLASS   STACK          

        CLASS   CODE           
                end_init                            294      294        4         0
                intcode                               8        8      28C         0
                reset_vec                             0        0        4         0
                text32                             18D0     18D0        2         0
                text31                             18BA     18BA        8         0
                text30                             18CE     18CE        2         0
                text29                             18B2     18B2        8         0
                text28                             18CC     18CC        2         0
                text27                             18AA     18AA        8         0
                text25                             1484     1484       9A         0
                text24                             18C6     18C6        4         0
                text23                             1664     1664       52         0
                text22                             1606     1606       5E         0
                text21                             1704     1704       3C         0
                text20                              DF2      DF2      23E         0
                text19                             1824     1824       22         0
                text18                              626      626      54E         0
                text17                             1866     1866       20         0
                text16                             1740     1740       38         0
                text15                             151E     151E       84         0
                text14                             17A8     17A8       2C         0
                text13                              B74      B74      27E         0
                text12                             1846     1846       20         0
                text11                             17FE     17FE       26         0
                text10                             13E8     13E8       9C         0
                text9                              15A2     15A2       64         0
                text8                              1778     1778       30         0
                text7                              1166     1166      120         0
                text6                              1030     1030      136         0
                text5                              17D4     17D4       2A         0
                text4                              1286     1286       B4         0
                text3                              133A     133A       AE         0
                text2                              189E     189E        C         0
                text1                              18CA     18CA        2         0
                text0                              1886     1886       18         0
                cinit                              16B6     16B6       4E         0
                idataCOMRAM                        18C2     18C2        4         0

        CLASS   CONST          

        CLASS   SMALLCONST     
                smallconst                          600      600       26         0

        CLASS   MEDIUMCONST    

        CLASS   COMRAM         
                cstackCOMRAM                         2F       2F       1C         1
                dataCOMRAM                           4B       4B        4         1
                bssCOMRAM                             1        1       2E         1

        CLASS   ABS1           

        CLASS   BIGRAM         

        CLASS   RAM            

        CLASS   BANK0          
                cstackBANK0                          ED       ED       11         1
                bssBANK0                             60       60       8D         1

        CLASS   BANK1          
                bssBANK1                            100      100       C0         1

        CLASS   BANK2          

        CLASS   BANK3          

        CLASS   BANK4          

        CLASS   BANK5          

        CLASS   SFR            

        CLASS   FARRAM         

        CLASS   CONFIG         
                config                           300000   300000        E         0

        CLASS   IDLOC          
                idloc                            200000   200000        8         0

        CLASS   EEDATA         



SEGMENTS        Name                           Load    Length   Top    Selector   Space  Class

                reset_vec                      000000  000004  000004         0       0  CODE    
                bssCOMRAM                      000001  00004E  00004F         1       1  COMRAM  
                intcode                        000008  000290  000298         4       0  CODE    
                bssBANK0                       000060  00009E  0000FE        60       1  BANK0   
                bssBANK1                       000100  0000C0  0001C0       100       1  BANK1   
                smallconst                     000600  000026  000626       300       0  SMALLCON
                text18                         000626  0012AC  0018D2       313       0  CODE    
                idloc                          200000  000008  200008    200000       0  IDLOC   
                config                         300000  00000E  30000E    300000       0  CONFIG  


UNUSED ADDRESS RANGES

        Name                Unused          Largest block    Delta
        BANK0            0000FE-0000FF                2
        BANK1            0001C0-0001FF               40
        BANK2            000200-0002FF              100
        BANK3            000300-0003FF              100
        BANK4            000400-0004FF              100
        BANK5            000500-0005FF              100
        BIGRAM           00004F-00005F               11
                         0000FE-0000FF                2
                         0001C0-0005FF              440
        CODE             000004-000007                4
                         000298-0005FF              368
                         0018D2-007FFF             672E
        COMRAM           00004F-00005F               11
        CONST            000004-000007                4
                         000298-0005FF              368
                         0018D2-007FFF             672E
        EEDATA           F00000-F000FF              100
        MEDIUMCONST      0018D2-007FFF             672E
        RAM              0000FE-0000FF                2
                         0001C0-0005FF              100
        SFR              000F38-000FFF               28
        SMALLCONST       0018D2-007FFF              100
        STACK            0001C0-0005FF              440

                                  Symbol Table

?___lldiv                      cstackCOMRAM 000040
?_sprintf                      cstackCOMRAM 000040
InterruptHandlerHigh@dd        cstackCOMRAM 00003D
InterruptHandlerHigh@i         cstackCOMRAM 00003F
Serial2_begin@speed            cstackBANK0  0000FA
Serial2_println@str            cstackCOMRAM 000042
Serial2_putc@d                 cstackCOMRAM 000041
Serial2_putc@p                 cstackCOMRAM 000040
Serial2_read@d                 cstackCOMRAM 000040
_ADCON0                        (abs)        000FC2
_ADCON0bits                    (abs)        000FC2
_ADCON1                        (abs)        000FC1
_ADCON2                        (abs)        000FC0
_ADRESH                        (abs)        000FC4
_ADRESL                        (abs)        000FC3
_ANSELA                        (abs)        000F38
_ANSELB                        (abs)        000F39
_ANSELC                        (abs)        000F3A
_ANSELD                        (abs)        000F3B
_ANSELE                        (abs)        000F3C
_BAUDCON1bits                  (abs)        000FB8
_BAUDCON2bits                  (abs)        000F70
_CCP1CON                       (abs)        000FBD
_CCP2CON                       (abs)        000F66
_CCP3CON                       (abs)        000F5D
_CCP4CON                       (abs)        000F57
_CCPR1H                        (abs)        000FBF
_CCPR1L                        (abs)        000FBE
_CCPR2H                        (abs)        000F68
_CCPR2L                        (abs)        000F67
_CCPR3H                        (abs)        000F5F
_CCPR3L                        (abs)        000F5E
_CCPR4H                        (abs)        000F59
_CCPR4L                        (abs)        000F58
_CCPTMRS0bits                  (abs)        000F49
_CCPTMRS1bits                  (abs)        000F48
_ECCP1AS                       (abs)        000FB6
_ECCP2AS                       (abs)        000F64
_ECCP3AS                       (abs)        000F5B
_EEADR                         (abs)        000FA9
_EECON1bits                    (abs)        000FA6
_EECON2                        (abs)        000FA7
_EEDATA                        (abs)        000FA8
_Flags                         bssCOMRAM    000001
_HMSec                         dataCOMRAM   00004B
_INT0_CallBack                 text32       0018D0
_INT0_ISR                      text31       0018BA
_INT0_InterruptHandler         bssBANK0     0000BA
_INT1_CallBack                 text30       0018CE
_INT1_ISR                      text29       0018B2
_INT1_InterruptHandler         bssBANK0     0000BC
_INT2_CallBack                 text28       0018CC
_INT2_ISR                      text27       0018AA
_INT2_InterruptHandler         bssBANK0     0000BE
_INTCON2bits                   (abs)        000FF1
_INTCON3bits                   (abs)        000FF0
_INTCONbits                    (abs)        000FF2
_InterruptHandlerHigh          intcode      000008
_LATA                          (abs)        000F89
_LATAbits                      (abs)        000F89
_LATB                          (abs)        000F8A
_LATBbits                      (abs)        000F8A
_LATC                          (abs)        000F8B
_LATCbits                      (abs)        000F8B
_LATD                          (abs)        000F8C
_LATDbits                      (abs)        000F8C
_LATE                          (abs)        000F8D
_LATEbits                      (abs)        000F8D
_OSCCON                        (abs)        000FD3
_OSCCON2                       (abs)        000FD2
_OSCTUNE                       (abs)        000F9B
_OneSec                        dataCOMRAM   00004C
_PEIE                          (abs)        007F96
_PIE3bits                      (abs)        000FA3
_PIR1bits                      (abs)        000F9E
_PLLRDY                        (abs)        007E97
_PORTAbits                     (abs)        000F80
_PORTBbits                     (abs)        000F81
_PORTCbits                     (abs)        000F82
_PORTDbits                     (abs)        000F83
_PORTEbits                     (abs)        000F84
_PR2                           (abs)        000FBB
_PSTR1CON                      (abs)        000FB9
_PSTR2CON                      (abs)        000F63
_PSTR3CON                      (abs)        000F5A
_PWM1CON                       (abs)        000FB7
_PWM2CON                       (abs)        000F65
_PWM3CON                       (abs)        000F5C
_RC2IE                         (abs)        007D1D
_RC2IF                         (abs)        007D25
_RC2IP                         (abs)        007D2D
_RCIE                          (abs)        007CED
_RCIF                          (abs)        007CF5
_RCIP                          (abs)        007CFD
_RCONbits                      (abs)        000FD0
_RCREG1                        (abs)        000FAE
_RCREG2                        (abs)        000F74
_RCSTA                         (abs)        000FAB
_RCSTA2                        (abs)        000F71
_RCSTA2bits                    (abs)        000F71
_SPBRG1                        (abs)        000FAF
_SPBRG2                        (abs)        000F75
_SPBRGH                        (abs)        000FB0
_SPBRGH2                       (abs)        000F76
_SSP1BUF                       (abs)        000FC9
_SSPADD                        (abs)        000FC8
_SSPCON1bits                   (abs)        000FC6
_SSPCON2                       (abs)        000FC5
_SSPCON2bits                   (abs)        000FC5
_SSPSTATbits                   (abs)        000FC7
_Serial2_available             text24       0018C6
_Serial2_begin                 text5        0017D4
_Serial2_println               text22       001606
_Serial2_putc                  text23       001664
_Serial2_read                  text21       001704
_T0CON                         (abs)        000FD5
_T1CON                         (abs)        000FCD
_T1CONbits                     (abs)        000FCD
_T1GCON                        (abs)        000FCC
_T2CON                         (abs)        000FBA
_T2CONbits                     (abs)        000FBA
_TMR0H                         (abs)        000FD7
_TMR0IE                        (abs)        007F95
_TMR0IF                        (abs)        007F92
_TMR0IP                        (abs)        007F8A
_TMR0L                         (abs)        000FD6
_TMR1H                         (abs)        000FCF
_TMR1L                         (abs)        000FCE
_TMR2                          (abs)        000FBC
_TRISAbits                     (abs)        000F92
_TRISBbits                     (abs)        000F93
_TRISCbits                     (abs)        000F94
_TRISDbits                     (abs)        000F95
_TRISEbits                     (abs)        000F96
_TX2IE                         (abs)        007D1C
_TX2IF                         (abs)        007D24
_TX2IP                         (abs)        007D2C
_TXIE                          (abs)        007CEC
_TXIF                          (abs)        007CF4
_TXIP                          (abs)        007CFC
_TXREG                         (abs)        000FAD
_TXREG2                        (abs)        000F73
_TXSTA                         (abs)        000FAC
_TXSTA2                        (abs)        000F72
_Task1                         bssCOMRAM    000002
_Task2                         bssBANK0     0000C0
_Task3                         bssBANK0     0000C1
_Task4                         bssBANK0     0000C2
_Task5                         bssBANK0     0000C3
_Task6                         bssBANK0     0000C4
_Task7                         bssBANK0     0000C5
_Task8                         bssBANK0     0000C6
_TimerArray                    bssBANK0     0000A2
_TimerFlag                     bssCOMRAM    000003
_TmrRxd1                       bssCOMRAM    000004
_TmrRxd2                       bssCOMRAM    000005
_TmrSec                        dataCOMRAM   00004D
_VREFCON0                      (abs)        000F42
__HRAM                         (abs)        000000
__Habs1                        abs1         000000
__Hbank0                       bank0        000000
__Hbank1                       bank1        000000
__Hbank2                       bank2        000000
__Hbank3                       bank3        000000
__Hbank4                       bank4        000000
__Hbank5                       bank5        000000
__Hbigbss                      bigbss       000000
__Hbigdata                     bigdata      000000
__Hbigram                      bigram       000000
__Hbss                         bss          000000
__HbssBANK0                    bssBANK0     000000
__HbssBANK1                    bssBANK1     000000
__HbssCOMRAM                   bssCOMRAM    000000
__Hcinit                       cinit        000000
__Hclrtext                     clrtext      000000
__Hcomram                      comram       000000
__Hconfig                      config       30000E
__Hconst                       const        000000
__HcstackBANK0                 cstackBANK0  000000
__HcstackCOMRAM                cstackCOMRAM 000000
__Hdata                        data         000000
__HdataCOMRAM                  dataCOMRAM   000000
__Heeprom_data                 eeprom_data  000000
__Hend_init                    end_init     000298
__Hfarbss                      farbss       000000
__Hfardata                     fardata      000000
__Hibigdata                    ibigdata     000000
__Hidata                       idata        000000
__HidataCOMRAM                 idataCOMRAM  000000
__Hidloc                       idloc        200008
__Hifardata                    ifardata     000000
__Hinit                        init         000294
__Hintcode                     intcode      000294
__Hintcode_body                intcode_body 000000
__Hintcodelo                   intcodelo    000294
__Hintentry                    intentry     000000
__Hintret                      intret       000000
__Hintsave_regs                intsave_regs 000000
__Hirdata                      irdata       000000
__Hmediumconst                 mediumconst  000000
__HnvFARRAM                    nvFARRAM     000000
__Hnvbit                       nvbit        000000
__Hnvrram                      nvrram       000000
__Hparam                       rparam       000000
__Hpowerup                     powerup      000294
__Hram                         ram          000000
__Hramtop                      ramtop       000600
__Hrbit                        rbit         000000
__Hrbss                        rbss         000000
__Hrdata                       rdata        000000
__Hreset_vec                   reset_vec    000004
__Hrparam                      rparam       000000
__Hsfr                         sfr          000000
__Hsmallconst                  smallconst   000626
__Hspace_0                     (abs)        30000E
__Hspace_1                     (abs)        0001C0
__Hspace_2                     (abs)        000000
__Hstack                       stack        000000
__Hstruct                      struct       000000
__Htemp                        temp         000000
__Htext                        text         000000
__Htext0                       text0        000000
__Htext1                       text1        000000
__Htext10                      text10       000000
__Htext11                      text11       000000
__Htext12                      text12       000000
__Htext13                      text13       000000
__Htext14                      text14       000000
__Htext15                      text15       000000
__Htext16                      text16       000000
__Htext17                      text17       000000
__Htext18                      text18       000000
__Htext19                      text19       000000
__Htext2                       text2        000000
__Htext20                      text20       000000
__Htext21                      text21       000000
__Htext22                      text22       000000
__Htext23                      text23       000000
__Htext24                      text24       000000
__Htext25                      text25       000000
__Htext27                      text27       000000
__Htext28                      text28       000000
__Htext29                      text29       000000
__Htext3                       text3        000000
__Htext30                      text30       000000
__Htext31                      text31       000000
__Htext32                      text32       000000
__Htext4                       text4        000000
__Htext5                       text5        000000
__Htext6                       text6        000000
__Htext7                       text7        000000
__Htext8                       text8        000000
__Htext9                       text9        000000
__LRAM                         (abs)        000001
__Labs1                        abs1         000000
__Lbank0                       bank0        000000
__Lbank1                       bank1        000000
__Lbank2                       bank2        000000
__Lbank3                       bank3        000000
__Lbank4                       bank4        000000
__Lbank5                       bank5        000000
__Lbigbss                      bigbss       000000
__Lbigdata                     bigdata      000000
__Lbigram                      bigram       000000
__Lbss                         bss          000000
__LbssBANK0                    bssBANK0     000000
__LbssBANK1                    bssBANK1     000000
__LbssCOMRAM                   bssCOMRAM    000000
__Lcinit                       cinit        000000
__Lclrtext                     clrtext      000000
__Lcomram                      comram       000000
__Lconfig                      config       300000
__Lconst                       const        000000
__LcstackBANK0                 cstackBANK0  000000
__LcstackCOMRAM                cstackCOMRAM 000000
__Ldata                        data         000000
__LdataCOMRAM                  dataCOMRAM   000000
__Leeprom_data                 eeprom_data  000000
__Lend_init                    end_init     000294
__Lfarbss                      farbss       000000
__Lfardata                     fardata      000000
__Libigdata                    ibigdata     000000
__Lidata                       idata        000000
__LidataCOMRAM                 idataCOMRAM  000000
__Lidloc                       idloc        200000
__Lifardata                    ifardata     000000
__Linit                        init         000294
__Lintcode                     intcode      000008
__Lintcode_body                intcode_body 000000
__Lintcodelo                   intcodelo    000294
__Lintentry                    intentry     000000
__Lintret                      intret       000000
__Lintsave_regs                intsave_regs 000000
__Lirdata                      irdata       000000
__Lmediumconst                 mediumconst  000000
__LnvFARRAM                    nvFARRAM     000000
__Lnvbit                       nvbit        000000
__Lnvrram                      nvrram       000000
__Lparam                       rparam       000000
__Lpowerup                     powerup      000294
__Lram                         ram          000000
__Lramtop                      ramtop       000600
__Lrbit                        rbit         000000
__Lrbss                        rbss         000000
__Lrdata                       rdata        000000
__Lreset_vec                   reset_vec    000000
__Lrparam                      rparam       000000
__Lsfr                         sfr          000000
__Lsmallconst                  smallconst   000600
__Lspace_0                     (abs)        000000
__Lspace_1                     (abs)        000000
__Lspace_2                     (abs)        000000
__Lstack                       stack        000000
__Lstruct                      struct       000000
__Ltemp                        temp         000000
__Ltext                        text         000000
__Ltext0                       text0        000000
__Ltext1                       text1        000000
__Ltext10                      text10       000000
__Ltext11                      text11       000000
__Ltext12                      text12       000000
__Ltext13                      text13       000000
__Ltext14                      text14       000000
__Ltext15                      text15       000000
__Ltext16                      text16       000000
__Ltext17                      text17       000000
__Ltext18                      text18       000000
__Ltext19                      text19       000000
__Ltext2                       text2        000000
__Ltext20                      text20       000000
__Ltext21                      text21       000000
__Ltext22                      text22       000000
__Ltext23                      text23       000000
__Ltext24                      text24       000000
__Ltext25                      text25       000000
__Ltext27                      text27       000000
__Ltext28                      text28       000000
__Ltext29                      text29       000000
__Ltext3                       text3        000000
__Ltext30                      text30       000000
__Ltext31                      text31       000000
__Ltext32                      text32       000000
__Ltext4                       text4        000000
__Ltext5                       text5        000000
__Ltext6                       text6        000000
__Ltext7                       text7        000000
__Ltext8                       text8        000000
__Ltext9                       text9        000000
__S0                           (abs)        30000E
__S1                           (abs)        0001C0
__S2                           (abs)        000000
___inthi_sp                    stack        000000
___intlo_sp                    stack        000000
___lldiv                       text10       0013E8
___lldiv@counter               cstackBANK0  0000F1
___lldiv@dividend              cstackCOMRAM 000040
___lldiv@divisor               cstackCOMRAM 000044
___lldiv@quotient              cstackBANK0  0000ED
___sp                          stack        000000
__accesstop                    (abs)        000060
__activetblptr                 (abs)        000002
__end_of_INT0_CallBack         text32       0018D2
__end_of_INT0_ISR              text31       0018C2
__end_of_INT1_CallBack         text30       0018D0
__end_of_INT1_ISR              text29       0018BA
__end_of_INT2_CallBack         text28       0018CE
__end_of_INT2_ISR              text27       0018B2
__end_of_InterruptHandlerHigh  intcode      000294
__end_of_Serial2_available     text24       0018CA
__end_of_Serial2_begin         text5        0017FE
__end_of_Serial2_println       text22       001664
__end_of_Serial2_putc          text23       0016B6
__end_of_Serial2_read          text21       001740
__end_of___lldiv               text10       001484
__end_of__initialization       cinit        0016FA
__end_of__stringdata           smallconst   000625
__end_of_analogInput           text19       001846
__end_of_delay                 text14       0017D4
__end_of_digitalRead           text20       001030
__end_of_digitalWrite          text13       000DF2
__end_of_disable_motor         text12       001866
__end_of_enable_motor          text17       001886
__end_of_init                  text25       00151E
__end_of_loop                  text7        001286
__end_of_main                  text0        00189E
__end_of_pinMode               text18       000B74
__end_of_pwm_on                text4        00133A
__end_of_pwm_out               text16       001778
__end_of_setup                 text3        0013E8
__end_of_sprintf               text15       0015A2
__end_of_stop                  text11       001824
__end_of_sync                  text2        0018AA
__end_of_task                  text1        0018CC
__end_of_timerSet              text9        001606
__end_of_timerUp               text8        0017A8
__end_of_uart_brg_set          text6        001166
__initialization               cinit        0016B6
__mediumconst                  mediumconst  000000
__pbssBANK0                    bssBANK0     000060
__pbssBANK1                    bssBANK1     000100
__pbssCOMRAM                   bssCOMRAM    000001
__pcinit                       cinit        0016B6
__pcstackBANK0                 cstackBANK0  0000ED
__pcstackCOMRAM                cstackCOMRAM 00002F
__pdataCOMRAM                  dataCOMRAM   00004B
__pidataCOMRAM                 idataCOMRAM  0018C2
__pintcode                     intcode      000008
__psmallconst                  smallconst   000600
__ptext0                       text0        001886
__ptext1                       text1        0018CA
__ptext10                      text10       0013E8
__ptext11                      text11       0017FE
__ptext12                      text12       001846
__ptext13                      text13       000B74
__ptext14                      text14       0017A8
__ptext15                      text15       00151E
__ptext16                      text16       001740
__ptext17                      text17       001866
__ptext18                      text18       000626
__ptext19                      text19       001824
__ptext2                       text2        00189E
__ptext20                      text20       000DF2
__ptext21                      text21       001704
__ptext22                      text22       001606
__ptext23                      text23       001664
__ptext24                      text24       0018C6
__ptext25                      text25       001484
__ptext27                      text27       0018AA
__ptext28                      text28       0018CC
__ptext29                      text29       0018B2
__ptext3                       text3        00133A
__ptext30                      text30       0018CE
__ptext31                      text31       0018BA
__ptext32                      text32       0018D0
__ptext4                       text4        001286
__ptext5                       text5        0017D4
__ptext6                       text6        001030
__ptext7                       text7        001166
__ptext8                       text8        001778
__ptext9                       text9        0015A2
__ramtop                       ramtop       000600
__size_of_INT0_CallBack        (abs)        000000
__size_of_INT0_ISR             (abs)        000000
__size_of_INT1_CallBack        (abs)        000000
__size_of_INT1_ISR             (abs)        000000
__size_of_INT2_CallBack        (abs)        000000
__size_of_INT2_ISR             (abs)        000000
__size_of_InterruptHandlerHigh (abs)        000000
__size_of_Serial2_available    (abs)        000000
__size_of_Serial2_begin        (abs)        000000
__size_of_Serial2_println      (abs)        000000
__size_of_Serial2_putc         (abs)        000000
__size_of_Serial2_read         (abs)        000000
__size_of___lldiv              (abs)        000000
__size_of_analogInput          (abs)        000000
__size_of_delay                (abs)        000000
__size_of_digitalRead          (abs)        000000
__size_of_digitalWrite         (abs)        000000
__size_of_disable_motor        (abs)        000000
__size_of_enable_motor         (abs)        000000
__size_of_init                 (abs)        000000
__size_of_loop                 (abs)        000000
__size_of_main                 (abs)        000000
__size_of_pinMode              (abs)        000000
__size_of_pwm_on               (abs)        000000
__size_of_pwm_out              (abs)        000000
__size_of_setup                (abs)        000000
__size_of_sprintf              (abs)        000000
__size_of_stop                 (abs)        000000
__size_of_sync                 (abs)        000000
__size_of_task                 (abs)        000000
__size_of_timerSet             (abs)        000000
__size_of_timerUp              (abs)        000000
__size_of_uart_brg_set         (abs)        000000
__smallconst                   smallconst   000600
__stringdata                   smallconst   000601
_analogInput                   text19       001824
_buf                           bssBANK0     0000CD
_data                          bssCOMRAM    000006
_delay                         text14       0017A8
_digitalRead                   text20       000DF2
_digitalWrite                  text13       000B74
_disable_motor                 text12       001846
_enable_motor                  text17       001866
_i2c_error_flag                bssBANK0     0000C7
_init                          text25       001484
_keypad_col1                   bssCOMRAM    000007
_keypad_col2                   bssCOMRAM    000008
_keypad_col3                   bssCOMRAM    000009
_keypad_col4                   bssCOMRAM    00000A
_keypad_mode                   bssCOMRAM    00000B
_keypad_row1                   bssCOMRAM    00000C
_keypad_row2                   bssCOMRAM    00000D
_keypad_row3                   bssCOMRAM    00000E
_keypad_row4                   bssCOMRAM    00000F
_kstate                        bssCOMRAM    000010
_lcd_cols                      bssBANK0     0000C8
_lcd_d0                        bssCOMRAM    000011
_lcd_d1                        bssCOMRAM    000012
_lcd_d2                        bssCOMRAM    000013
_lcd_d3                        bssCOMRAM    000014
_lcd_d4                        bssCOMRAM    000015
_lcd_d5                        bssCOMRAM    000016
_lcd_d6                        bssCOMRAM    000017
_lcd_d7                        bssCOMRAM    000018
_lcd_disp                      dataCOMRAM   00004E
_lcd_en                        bssCOMRAM    000019
_lcd_mode                      bssCOMRAM    00001A
_lcd_rows                      bssBANK0     0000C9
_lcd_rs                        bssCOMRAM    00001B
_lcd_temp                      bssBANK0     0000CA
_loop                          text7        001166
_main                          text0        001886
_pinMode                       text18       000626
_pwm_on                        text4        001286
_pwm_out                       text16       001740
_setup                         text3        00133A
_spi_mode                      bssCOMRAM    00001C
_sprintf                       text15       00151E
_stop                          text11       0017FE
_sync                          text2        00189E
_sysTick                       bssBANK0     0000B6
_task                          text1        0018CA
_timerSet                      text9        0015A2
_timerUp                       text8        001778
_uart1_cr_cnt                  bssCOMRAM    00001D
_uart1_lf_cnt                  bssCOMRAM    00001E
_uart1_rx_char                 bssCOMRAM    00001F
_uart1_rx_cnt                  bssCOMRAM    000020
_uart1_rx_pos                  bssCOMRAM    000021
_uart1_rx_ready                bssCOMRAM    000022
_uart1_rxbuf                   bssBANK1     000100
_uart1_tx_cnt                  bssCOMRAM    000023
_uart1_tx_pos                  bssCOMRAM    000024
_uart1_txbuf                   bssBANK0     000060
_uart2_cr_cnt                  bssCOMRAM    000025
_uart2_lf_cnt                  bssCOMRAM    000026
_uart2_rx_char                 bssCOMRAM    000027
_uart2_rx_cnt                  bssCOMRAM    000028
_uart2_rx_pos                  bssCOMRAM    000029
_uart2_rx_ready                bssCOMRAM    00002A
_uart2_rxbuf                   bssBANK1     000160
_uart2_tx_cnt                  bssCOMRAM    00002B
_uart2_tx_pos                  bssCOMRAM    00002C
_uart2_txbuf                   bssBANK0     000081
_uart_brg_set                  text6        001030
analogInput@ANx                cstackCOMRAM 000042
analogInput@d                  cstackCOMRAM 000043
delay@i                        cstackCOMRAM 000042
delay@ms                       cstackCOMRAM 000040
digitalRead@di                 cstackCOMRAM 000041
digitalRead@pin                cstackCOMRAM 000040
digitalWrite@pin               cstackCOMRAM 000043
digitalWrite@value             cstackCOMRAM 000042
end_of_initialization          cinit        0016FA
init@i                         cstackCOMRAM 000040
intlevel0                      text         000000
intlevel1                      text         000000
intlevel2                      text         000000
intlevel3                      text         000000
keypadRead@keyNew              bssCOMRAM    00002D
keypadRead@keyOld              bssCOMRAM    00002E
loop@i                         cstackBANK0  0000F6
loop@i_3455                    cstackBANK0  0000F7
pinMode@mode                   cstackCOMRAM 000044
pinMode@pin                    cstackCOMRAM 000045
pwm_out@ch                     cstackCOMRAM 000042
pwm_out@dutyValue              cstackCOMRAM 000040
sprintf@ap                     cstackCOMRAM 000047
sprintf@c                      cstackCOMRAM 000049
sprintf@f                      cstackCOMRAM 000042
sprintf@flag                   cstackCOMRAM 000046
sprintf@sp                     cstackCOMRAM 000040
stackhi                        (abs)        0005FF
stacklo                        (abs)        0001C0
start                          init         000294
start_initialization           cinit        0016B6
timerSet@index                 cstackCOMRAM 000048
timerSet@value                 cstackBANK0  0000F2
timerUp@index                  cstackCOMRAM 000040
uart_brg_set@brgh              cstackCOMRAM 00004A
uart_brg_set@brgl              cstackCOMRAM 000049
uart_brg_set@com               cstackCOMRAM 000048
uart_brg_set@speed             cstackBANK0  0000F2


FUNCTION INFORMATION:

 *************** function _main *****************
 Defined at:
		line 447 in file "picuno.c"
 Parameters:    Size  Location     Type
		None
 Auto vars:     Size  Location     Type
		None
 Return value:  Size  Location     Type
		None               void
 Registers used:
		wreg, fsr0l, fsr0h, fsr2l, fsr2h, status,2, status,0, tblptrl, tblptrh, tblptru, prodl, prodh, cstack
 Tracked objects:
		On entry : 
		On exit  : 
		Unchanged: 
 Data sizes:     COMRAM   BANK0   BANK1   BANK2   BANK3   BANK4   BANK5
      Params:         0       0       0       0       0       0       0
      Locals:         0       0       0       0       0       0       0
      Temps:          0       0       0       0       0       0       0
      Totals:         0       0       0       0       0       0       0
Total ram usage:        0 bytes
 Hardware stack levels required when called:    8
 This function calls:
		_init
		_loop
		_setup
		_sync
		_task
 This function is called by:
		Startup code after reset
 This function uses a non-reentrant model


 *************** function _task *****************
 Defined at:
		line 419 in file "picuno.c"
 Parameters:    Size  Location     Type
		None
 Auto vars:     Size  Location     Type
		None
 Return value:  Size  Location     Type
		None               void
 Registers used:
		None
 Tracked objects:
		On entry : 
		On exit  : 
		Unchanged: 
 Data sizes:     COMRAM   BANK0   BANK1   BANK2   BANK3   BANK4   BANK5
      Params:         0       0       0       0       0       0       0
      Locals:         0       0       0       0       0       0       0
      Temps:          0       0       0       0       0       0       0
      Totals:         0       0       0       0       0       0       0
Total ram usage:        0 bytes
 Hardware stack levels used:    1
 Hardware stack levels required when called:    3
 This function calls:
		Nothing
 This function is called by:
		_main
 This function uses a non-reentrant model


 *************** function _sync *****************
 Defined at:
		line 280 in file "picuno.c"
 Parameters:    Size  Location     Type
		None
 Auto vars:     Size  Location     Type
		None
 Return value:  Size  Location     Type
		None               void
 Registers used:
		None
 Tracked objects:
		On entry : 
		On exit  : 
		Unchanged: 
 Data sizes:     COMRAM   BANK0   BANK1   BANK2   BANK3   BANK4   BANK5
      Params:         0       0       0       0       0       0       0
      Locals:         0       0       0       0       0       0       0
      Temps:          0       0       0       0       0       0       0
      Totals:         0       0       0       0       0       0       0
Total ram usage:        0 bytes
 Hardware stack levels used:    1
 Hardware stack levels required when called:    3
 This function calls:
		Nothing
 This function is called by:
		_main
 This function uses a non-reentrant model


 *************** function _setup *****************
 Defined at:
		line 33 in file "lab4_template.c"
 Parameters:    Size  Location     Type
		None
 Auto vars:     Size  Location     Type
		None
 Return value:  Size  Location     Type
		None               void
 Registers used:
		wreg, fsr0l, fsr0h, fsr2l, fsr2h, status,2, status,0, tblptrl, tblptrh, tblptru, prodl, prodh, cstack
 Tracked objects:
		On entry : 
		On exit  : 
		Unchanged: 
 Data sizes:     COMRAM   BANK0   BANK1   BANK2   BANK3   BANK4   BANK5
      Params:         0       0       0       0       0       0       0
      Locals:         0       0       0       0       0       0       0
      Temps:          0       0       0       0       0       0       0
      Totals:         0       0       0       0       0       0       0
Total ram usage:        0 bytes
 Hardware stack levels used:    1
 Hardware stack levels required when called:    6
 This function calls:
		_Serial2_begin
		_Serial2_println
		_digitalRead
		_digitalWrite
		_disable_motor
		_pinMode
		_pwm_on
		_pwm_out
 This function is called by:
		_main
 This function uses a non-reentrant model


 *************** function _pwm_on *****************
 Defined at:
		line 2886 in file "picuno.c"
 Parameters:    Size  Location     Type
		None
 Auto vars:     Size  Location     Type
		None
 Return value:  Size  Location     Type
		None               void
 Registers used:
		wreg, status,2, status,0, cstack
 Tracked objects:
		On entry : 
		On exit  : 
		Unchanged: 
 Data sizes:     COMRAM   BANK0   BANK1   BANK2   BANK3   BANK4   BANK5
      Params:         0       0       0       0       0       0       0
      Locals:         0       0       0       0       0       0       0
      Temps:          0       0       0       0       0       0       0
      Totals:         0       0       0       0       0       0       0
Total ram usage:        0 bytes
 Hardware stack levels used:    1
 Hardware stack levels required when called:    5
 This function calls:
		_pinMode
 This function is called by:
		_setup
 This function uses a non-reentrant model


 *************** function _Serial2_begin *****************
 Defined at:
		line 2256 in file "picuno.c"
 Parameters:    Size  Location     Type
  speed           4   13[BANK0 ] unsigned long 
 Auto vars:     Size  Location     Type
		None
 Return value:  Size  Location     Type
		None               void
 Registers used:
		wreg, status,2, status,0, cstack
 Tracked objects:
		On entry : 
		On exit  : 
		Unchanged: 
 Data sizes:     COMRAM   BANK0   BANK1   BANK2   BANK3   BANK4   BANK5
      Params:         0       4       0       0       0       0       0
      Locals:         0       0       0       0       0       0       0
      Temps:          0       0       0       0       0       0       0
      Totals:         0       4       0       0       0       0       0
Total ram usage:        4 bytes
 Hardware stack levels used:    1
 Hardware stack levels required when called:    5
 This function calls:
		_uart_brg_set
 This function is called by:
		_setup
 This function uses a non-reentrant model


 *************** function _uart_brg_set *****************
 Defined at:
		line 2044 in file "picuno.c"
 Parameters:    Size  Location     Type
  com             1    wreg     unsigned char 
  speed           4    5[BANK0 ] unsigned long 
 Auto vars:     Size  Location     Type
  com             1   25[COMRAM] unsigned char 
  brgh            1   27[COMRAM] unsigned char 
  brgl            1   26[COMRAM] unsigned char 
 Return value:  Size  Location     Type
		None               void
 Registers used:
		wreg, status,2, status,0, cstack
 Tracked objects:
		On entry : 
		On exit  : 
		Unchanged: 
 Data sizes:     COMRAM   BANK0   BANK1   BANK2   BANK3   BANK4   BANK5
      Params:         0       4       0       0       0       0       0
      Locals:         3       0       0       0       0       0       0
      Temps:          0       4       0       0       0       0       0
      Totals:         3       8       0       0       0       0       0
Total ram usage:       11 bytes
 Hardware stack levels used:    1
 Hardware stack levels required when called:    4
 This function calls:
		___lldiv
 This function is called by:
		_Serial2_begin
		_Serial_begin
 This function uses a non-reentrant model


 *************** function _loop *****************
 Defined at:
		line 51 in file "lab4_template.c"
 Parameters:    Size  Location     Type
		None
 Auto vars:     Size  Location     Type
  i               1   10[BANK0 ] unsigned char 
  i               1    9[BANK0 ] unsigned char 
 Return value:  Size  Location     Type
		None               void
 Registers used:
		wreg, fsr0l, fsr0h, fsr2l, fsr2h, status,2, status,0, tblptrl, tblptrh, tblptru, prodl, prodh, cstack
 Tracked objects:
		On entry : 
		On exit  : 
		Unchanged: 
 Data sizes:     COMRAM   BANK0   BANK1   BANK2   BANK3   BANK4   BANK5
      Params:         0       0       0       0       0       0       0
      Locals:         0       2       0       0       0       0       0
      Temps:          0       0       0       0       0       0       0
      Totals:         0       2       0       0       0       0       0
Total ram usage:        2 bytes
 Hardware stack levels used:    1
 Hardware stack levels required when called:    7
 This function calls:
		_Serial2_available
		_Serial2_println
		_Serial2_read
		_delay
		_digitalRead
		_digitalWrite
		_enable_motor
		_pwm_out
		_sprintf
		_stop
		_timerSet
		_timerUp
 This function is called by:
		_main
 This function uses a non-reentrant model


 *************** function _timerUp *****************
 Defined at:
		line 404 in file "picuno.c"
 Parameters:    Size  Location     Type
  index           1    wreg     unsigned char 
 Auto vars:     Size  Location     Type
  index           1   17[COMRAM] unsigned char 
 Return value:  Size  Location     Type
                  1    wreg      unsigned char 
 Registers used:
		wreg, fsr2l, fsr2h, status,2, status,0, prodl, prodh
 Tracked objects:
		On entry : 
		On exit  : 
		Unchanged: 
 Data sizes:     COMRAM   BANK0   BANK1   BANK2   BANK3   BANK4   BANK5
      Params:         0       0       0       0       0       0       0
      Locals:         1       0       0       0       0       0       0
      Temps:          0       0       0       0       0       0       0
      Totals:         1       0       0       0       0       0       0
Total ram usage:        1 bytes
 Hardware stack levels used:    1
 Hardware stack levels required when called:    3
 This function calls:
		Nothing
 This function is called by:
		_loop
 This function uses a non-reentrant model


 *************** function _timerSet *****************
 Defined at:
		line 396 in file "picuno.c"
 Parameters:    Size  Location     Type
  index           1    wreg     unsigned char 
  value           4    5[BANK0 ] unsigned long 
 Auto vars:     Size  Location     Type
  index           1   25[COMRAM] unsigned char 
 Return value:  Size  Location     Type
		None               void
 Registers used:
		wreg, fsr2l, fsr2h, status,2, status,0, prodl, prodh, cstack
 Tracked objects:
		On entry : 
		On exit  : 
		Unchanged: 
 Data sizes:     COMRAM   BANK0   BANK1   BANK2   BANK3   BANK4   BANK5
      Params:         0       4       0       0       0       0       0
      Locals:         1       0       0       0       0       0       0
      Temps:          0       0       0       0       0       0       0
      Totals:         1       4       0       0       0       0       0
Total ram usage:        5 bytes
 Hardware stack levels used:    1
 Hardware stack levels required when called:    4
 This function calls:
		___lldiv
 This function is called by:
		_loop
 This function uses a non-reentrant model


 *************** function ___lldiv *****************
 Defined at:
		line 8 in file "C:\Program Files (x86)\Microchip\xc8\v1.33\sources\common\lldiv.c"
 Parameters:    Size  Location     Type
  dividend        4   17[COMRAM] unsigned long 
  divisor         4   21[COMRAM] unsigned long 
 Auto vars:     Size  Location     Type
  quotient        4    0[BANK0 ] unsigned long 
  counter         1    4[BANK0 ] unsigned char 
 Return value:  Size  Location     Type
                  4   17[COMRAM] unsigned long 
 Registers used:
		wreg, status,2, status,0
 Tracked objects:
		On entry : 
		On exit  : 
		Unchanged: 
 Data sizes:     COMRAM   BANK0   BANK1   BANK2   BANK3   BANK4   BANK5
      Params:         8       0       0       0       0       0       0
      Locals:         0       5       0       0       0       0       0
      Temps:          0       0       0       0       0       0       0
      Totals:         8       5       0       0       0       0       0
Total ram usage:       13 bytes
 Hardware stack levels used:    1
 Hardware stack levels required when called:    3
 This function calls:
		Nothing
 This function is called by:
		_timerSet
		_uart_brg_set
		_i2c_init
 This function uses a non-reentrant model


 *************** function _stop *****************
 Defined at:
		line 108 in file "lab4_template.c"
 Parameters:    Size  Location     Type
		None
 Auto vars:     Size  Location     Type
		None
 Return value:  Size  Location     Type
		None               void
 Registers used:
		wreg, status,2, status,0, cstack
 Tracked objects:
		On entry : 
		On exit  : 
		Unchanged: 
 Data sizes:     COMRAM   BANK0   BANK1   BANK2   BANK3   BANK4   BANK5
      Params:         0       0       0       0       0       0       0
      Locals:         0       0       0       0       0       0       0
      Temps:          0       0       0       0       0       0       0
      Totals:         0       0       0       0       0       0       0
Total ram usage:        0 bytes
 Hardware stack levels used:    1
 Hardware stack levels required when called:    6
 This function calls:
		_delay
		_digitalWrite
		_disable_motor
 This function is called by:
		_loop
 This function uses a non-reentrant model


 *************** function _disable_motor *****************
 Defined at:
		line 115 in file "lab4_template.c"
 Parameters:    Size  Location     Type
		None
 Auto vars:     Size  Location     Type
		None
 Return value:  Size  Location     Type
		None               void
 Registers used:
		wreg, status,2, status,0, cstack
 Tracked objects:
		On entry : 
		On exit  : 
		Unchanged: 
 Data sizes:     COMRAM   BANK0   BANK1   BANK2   BANK3   BANK4   BANK5
      Params:         0       0       0       0       0       0       0
      Locals:         0       0       0       0       0       0       0
      Temps:          0       0       0       0       0       0       0
      Totals:         0       0       0       0       0       0       0
Total ram usage:        0 bytes
 Hardware stack levels used:    1
 Hardware stack levels required when called:    5
 This function calls:
		_pinMode
 This function is called by:
		_setup
		_stop
 This function uses a non-reentrant model


 *************** function _digitalWrite *****************
 Defined at:
		line 1507 in file "picuno.c"
 Parameters:    Size  Location     Type
  pin             1    wreg     unsigned char 
  value           1   19[COMRAM] unsigned char 
 Auto vars:     Size  Location     Type
  pin             1   20[COMRAM] unsigned char 
 Return value:  Size  Location     Type
		None               void
 Registers used:
		wreg, status,2, status,0
 Tracked objects:
		On entry : 
		On exit  : 
		Unchanged: 
 Data sizes:     COMRAM   BANK0   BANK1   BANK2   BANK3   BANK4   BANK5
      Params:         1       0       0       0       0       0       0
      Locals:         1       0       0       0       0       0       0
      Temps:          0       0       0       0       0       0       0
      Totals:         2       0       0       0       0       0       0
Total ram usage:        2 bytes
 Hardware stack levels used:    1
 Hardware stack levels required when called:    3
 This function calls:
		Nothing
 This function is called by:
		_setup
		_loop
		_stop
		_keypad_begin34
		_keypad_begin44
		_keypadRead
		_lcd_nibble
		_lcd_putdata
		_lcd_putc
 This function uses a non-reentrant model


 *************** function _delay *****************
 Defined at:
		line 295 in file "picuno.c"
 Parameters:    Size  Location     Type
  ms              2   17[COMRAM] unsigned int 
 Auto vars:     Size  Location     Type
  i               2   19[COMRAM] unsigned int 
 Return value:  Size  Location     Type
		None               void
 Registers used:
		wreg, status,2, status,0
 Tracked objects:
		On entry : 
		On exit  : 
		Unchanged: 
 Data sizes:     COMRAM   BANK0   BANK1   BANK2   BANK3   BANK4   BANK5
      Params:         2       0       0       0       0       0       0
      Locals:         2       0       0       0       0       0       0
      Temps:          0       0       0       0       0       0       0
      Totals:         4       0       0       0       0       0       0
Total ram usage:        4 bytes
 Hardware stack levels used:    1
 Hardware stack levels required when called:    3
 This function calls:
		Nothing
 This function is called by:
		_loop
		_stop
		_lcd_begin
 This function uses a non-reentrant model


 *************** function _sprintf *****************
 Defined at:
		line 492 in file "C:\Program Files (x86)\Microchip\xc8\v1.33\sources\common\doprnt.c"
 Parameters:    Size  Location     Type
  sp              2   17[COMRAM] PTR unsigned char 
		 -> buf(32), 
  f               2   19[COMRAM] PTR const unsigned char 
		 -> STR_2(17), 
 Auto vars:     Size  Location     Type
  _val            5    0        struct .
  ap              2   24[COMRAM] PTR void [1]
		 -> ?_sprintf(2), 
  c               1   26[COMRAM] char 
  flag            1   23[COMRAM] unsigned char 
  prec            1    0        char 
 Return value:  Size  Location     Type
                  2   17[COMRAM] int 
 Registers used:
		wreg, fsr2l, fsr2h, status,2, status,0, tblptrl, tblptrh, tblptru
 Tracked objects:
		On entry : 
		On exit  : 
		Unchanged: 
 Data sizes:     COMRAM   BANK0   BANK1   BANK2   BANK3   BANK4   BANK5
      Params:         6       0       0       0       0       0       0
      Locals:         4       0       0       0       0       0       0
      Temps:          0       0       0       0       0       0       0
      Totals:        10       0       0       0       0       0       0
Total ram usage:       10 bytes
 Hardware stack levels used:    1
 Hardware stack levels required when called:    3
 This function calls:
		Nothing
 This function is called by:
		_loop
 This function uses a non-reentrant model


 *************** function _pwm_out *****************
 Defined at:
		line 2996 in file "picuno.c"
 Parameters:    Size  Location     Type
  ch              1    wreg     unsigned char 
  dutyValue       2   17[COMRAM] unsigned int 
 Auto vars:     Size  Location     Type
  ch              1   19[COMRAM] unsigned char 
 Return value:  Size  Location     Type
		None               void
 Registers used:
		wreg, status,2, status,0
 Tracked objects:
		On entry : 
		On exit  : 
		Unchanged: 
 Data sizes:     COMRAM   BANK0   BANK1   BANK2   BANK3   BANK4   BANK5
      Params:         2       0       0       0       0       0       0
      Locals:         1       0       0       0       0       0       0
      Temps:          0       0       0       0       0       0       0
      Totals:         3       0       0       0       0       0       0
Total ram usage:        3 bytes
 Hardware stack levels used:    1
 Hardware stack levels required when called:    3
 This function calls:
		Nothing
 This function is called by:
		_setup
		_loop
 This function uses a non-reentrant model


 *************** function _enable_motor *****************
 Defined at:
		line 121 in file "lab4_template.c"
 Parameters:    Size  Location     Type
		None
 Auto vars:     Size  Location     Type
		None
 Return value:  Size  Location     Type
		None               void
 Registers used:
		wreg, status,2, status,0, cstack
 Tracked objects:
		On entry : 
		On exit  : 
		Unchanged: 
 Data sizes:     COMRAM   BANK0   BANK1   BANK2   BANK3   BANK4   BANK5
      Params:         0       0       0       0       0       0       0
      Locals:         0       0       0       0       0       0       0
      Temps:          0       0       0       0       0       0       0
      Totals:         0       0       0       0       0       0       0
Total ram usage:        0 bytes
 Hardware stack levels used:    1
 Hardware stack levels required when called:    5
 This function calls:
		_pinMode
 This function is called by:
		_loop
 This function uses a non-reentrant model


 *************** function _pinMode *****************
 Defined at:
		line 494 in file "picuno.c"
 Parameters:    Size  Location     Type
  pin             1    wreg     unsigned char 
  mode            1   21[COMRAM] unsigned char 
 Auto vars:     Size  Location     Type
  pin             1   22[COMRAM] unsigned char 
 Return value:  Size  Location     Type
		None               void
 Registers used:
		wreg, status,2, status,0, cstack
 Tracked objects:
		On entry : 
		On exit  : 
		Unchanged: 
 Data sizes:     COMRAM   BANK0   BANK1   BANK2   BANK3   BANK4   BANK5
      Params:         1       0       0       0       0       0       0
      Locals:         1       0       0       0       0       0       0
      Temps:          0       0       0       0       0       0       0
      Totals:         2       0       0       0       0       0       0
Total ram usage:        2 bytes
 Hardware stack levels used:    1
 Hardware stack levels required when called:    4
 This function calls:
		_analogInput
 This function is called by:
		_pwm_on
		_setup
		_disable_motor
		_enable_motor
		_pulseIn
		_keypad_begin34
		_keypad_begin44
		_lcd_init4
		_lcd_init8
		_i2c_init
 This function uses a non-reentrant model


 *************** function _analogInput *****************
 Defined at:
		line 466 in file "picuno.c"
 Parameters:    Size  Location     Type
  ANx             1    wreg     unsigned char 
 Auto vars:     Size  Location     Type
  ANx             1   19[COMRAM] unsigned char 
  d               1   20[COMRAM] unsigned char 
 Return value:  Size  Location     Type
		None               void
 Registers used:
		wreg, status,2, status,0
 Tracked objects:
		On entry : 
		On exit  : 
		Unchanged: 
 Data sizes:     COMRAM   BANK0   BANK1   BANK2   BANK3   BANK4   BANK5
      Params:         0       0       0       0       0       0       0
      Locals:         2       0       0       0       0       0       0
      Temps:          2       0       0       0       0       0       0
      Totals:         4       0       0       0       0       0       0
Total ram usage:        4 bytes
 Hardware stack levels used:    1
 Hardware stack levels required when called:    3
 This function calls:
		Nothing
 This function is called by:
		_pinMode
 This function uses a non-reentrant model


 *************** function _digitalRead *****************
 Defined at:
		line 1448 in file "picuno.c"
 Parameters:    Size  Location     Type
  pin             1    wreg     unsigned char 
 Auto vars:     Size  Location     Type
  pin             1   17[COMRAM] unsigned char 
  di              1   18[COMRAM] unsigned char 
 Return value:  Size  Location     Type
                  1    wreg      unsigned char 
 Registers used:
		wreg, status,2, status,0
 Tracked objects:
		On entry : 
		On exit  : 
		Unchanged: 
 Data sizes:     COMRAM   BANK0   BANK1   BANK2   BANK3   BANK4   BANK5
      Params:         0       0       0       0       0       0       0
      Locals:         2       0       0       0       0       0       0
      Temps:          0       0       0       0       0       0       0
      Totals:         2       0       0       0       0       0       0
Total ram usage:        2 bytes
 Hardware stack levels used:    1
 Hardware stack levels required when called:    3
 This function calls:
		Nothing
 This function is called by:
		_setup
		_loop
		_pulseIn
		_keypadRead
 This function uses a non-reentrant model


 *************** function _Serial2_read *****************
 Defined at:
		line 2374 in file "picuno.c"
 Parameters:    Size  Location     Type
		None
 Auto vars:     Size  Location     Type
  d               1   17[COMRAM] unsigned char 
 Return value:  Size  Location     Type
                  1    wreg      unsigned char 
 Registers used:
		wreg, fsr2l, fsr2h, status,2, status,0, prodl, prodh
 Tracked objects:
		On entry : 
		On exit  : 
		Unchanged: 
 Data sizes:     COMRAM   BANK0   BANK1   BANK2   BANK3   BANK4   BANK5
      Params:         0       0       0       0       0       0       0
      Locals:         1       0       0       0       0       0       0
      Temps:          0       0       0       0       0       0       0
      Totals:         1       0       0       0       0       0       0
Total ram usage:        1 bytes
 Hardware stack levels used:    1
 Hardware stack levels required when called:    3
 This function calls:
		Nothing
 This function is called by:
		_loop
 This function uses a non-reentrant model


 *************** function _Serial2_println *****************
 Defined at:
		line 2346 in file "picuno.c"
 Parameters:    Size  Location     Type
  str             2   19[COMRAM] PTR const unsigned char 
		 -> buf(32), STR_1(19), 
 Auto vars:     Size  Location     Type
		None
 Return value:  Size  Location     Type
		None               void
 Registers used:
		wreg, fsr0l, fsr0h, fsr2l, fsr2h, status,2, status,0, tblptrl, tblptrh, tblptru, prodl, prodh, cstack
 Tracked objects:
		On entry : 
		On exit  : 
		Unchanged: 
 Data sizes:     COMRAM   BANK0   BANK1   BANK2   BANK3   BANK4   BANK5
      Params:         2       0       0       0       0       0       0
      Locals:         0       0       0       0       0       0       0
      Temps:          0       0       0       0       0       0       0
      Totals:         2       0       0       0       0       0       0
Total ram usage:        2 bytes
 Hardware stack levels used:    1
 Hardware stack levels required when called:    4
 This function calls:
		_Serial2_putc
 This function is called by:
		_setup
		_loop
 This function uses a non-reentrant model


 *************** function _Serial2_putc *****************
 Defined at:
		line 2280 in file "picuno.c"
 Parameters:    Size  Location     Type
  d               1    wreg     unsigned char 
 Auto vars:     Size  Location     Type
  d               1   18[COMRAM] unsigned char 
  p               1   17[COMRAM] unsigned char 
 Return value:  Size  Location     Type
		None               void
 Registers used:
		wreg, fsr2l, fsr2h, status,2, status,0, prodl, prodh
 Tracked objects:
		On entry : 
		On exit  : 
		Unchanged: 
 Data sizes:     COMRAM   BANK0   BANK1   BANK2   BANK3   BANK4   BANK5
      Params:         0       0       0       0       0       0       0
      Locals:         2       0       0       0       0       0       0
      Temps:          0       0       0       0       0       0       0
      Totals:         2       0       0       0       0       0       0
Total ram usage:        2 bytes
 Hardware stack levels used:    1
 Hardware stack levels required when called:    3
 This function calls:
		Nothing
 This function is called by:
		_Serial2_println
		_Serial2_crlf
		_Serial2_puth
		_Serial2_puti
		_Serial2_print
		_Serial2_write
		_Serial2_writeln
 This function uses a non-reentrant model


 *************** function _Serial2_available *****************
 Defined at:
		line 2275 in file "picuno.c"
 Parameters:    Size  Location     Type
		None
 Auto vars:     Size  Location     Type
		None
 Return value:  Size  Location     Type
                  1    wreg      unsigned char 
 Registers used:
		wreg, status,2
 Tracked objects:
		On entry : 
		On exit  : 
		Unchanged: 
 Data sizes:     COMRAM   BANK0   BANK1   BANK2   BANK3   BANK4   BANK5
      Params:         0       0       0       0       0       0       0
      Locals:         0       0       0       0       0       0       0
      Temps:          0       0       0       0       0       0       0
      Totals:         0       0       0       0       0       0       0
Total ram usage:        0 bytes
 Hardware stack levels used:    1
 Hardware stack levels required when called:    3
 This function calls:
		Nothing
 This function is called by:
		_loop
 This function uses a non-reentrant model


 *************** function _init *****************
 Defined at:
		line 187 in file "picuno.c"
 Parameters:    Size  Location     Type
		None
 Auto vars:     Size  Location     Type
  i               1   17[COMRAM] unsigned char 
 Return value:  Size  Location     Type
		None               void
 Registers used:
		wreg, fsr2l, fsr2h, status,2, status,0, prodl, prodh
 Tracked objects:
		On entry : 
		On exit  : 
		Unchanged: 
 Data sizes:     COMRAM   BANK0   BANK1   BANK2   BANK3   BANK4   BANK5
      Params:         0       0       0       0       0       0       0
      Locals:         1       0       0       0       0       0       0
      Temps:          0       0       0       0       0       0       0
      Totals:         1       0       0       0       0       0       0
Total ram usage:        1 bytes
 Hardware stack levels used:    1
 Hardware stack levels required when called:    3
 This function calls:
		Nothing
 This function is called by:
		_main
 This function uses a non-reentrant model


 *************** function _InterruptHandlerHigh *****************
 Defined at:
		line 52 in file "picuno.c"
 Parameters:    Size  Location     Type
		None
 Auto vars:     Size  Location     Type
  dd              2   14[COMRAM] unsigned int 
  i               1   16[COMRAM] unsigned char 
 Return value:  Size  Location     Type
		None               void
 Registers used:
		wreg, fsr2l, fsr2h, status,2, status,0, prodl, prodh, cstack
 Tracked objects:
		On entry : 
		On exit  : 
		Unchanged: 
 Data sizes:     COMRAM   BANK0   BANK1   BANK2   BANK3   BANK4   BANK5
      Params:         0       0       0       0       0       0       0
      Locals:         3       0       0       0       0       0       0
      Temps:         14       0       0       0       0       0       0
      Totals:        17       0       0       0       0       0       0
Total ram usage:       17 bytes
 Hardware stack levels used:    1
 Hardware stack levels required when called:    2
 This function calls:
		_INT0_ISR
		_INT1_ISR
		_INT2_ISR
 This function is called by:
		Interrupt level 2
 This function uses a non-reentrant model


 *************** function _INT2_ISR *****************
 Defined at:
		line 3187 in file "picuno.c"
 Parameters:    Size  Location     Type
		None
 Auto vars:     Size  Location     Type
		None
 Return value:  Size  Location     Type
		None               void
 Registers used:
		wreg, status,2, status,0, cstack
 Tracked objects:
		On entry : 
		On exit  : 
		Unchanged: 
 Data sizes:     COMRAM   BANK0   BANK1   BANK2   BANK3   BANK4   BANK5
      Params:         0       0       0       0       0       0       0
      Locals:         0       0       0       0       0       0       0
      Temps:          0       0       0       0       0       0       0
      Totals:         0       0       0       0       0       0       0
Total ram usage:        0 bytes
 Hardware stack levels used:    1
 Hardware stack levels required when called:    1
 This function calls:
		_INT2_CallBack
 This function is called by:
		_InterruptHandlerHigh
 This function uses a non-reentrant model


 *************** function _INT2_CallBack *****************
 Defined at:
		line 3196 in file "picuno.c"
 Parameters:    Size  Location     Type
		None
 Auto vars:     Size  Location     Type
		None
 Return value:  Size  Location     Type
		None               void
 Registers used:
		wreg, status,2, status,0
 Tracked objects:
		On entry : 
		On exit  : 
		Unchanged: 
 Data sizes:     COMRAM   BANK0   BANK1   BANK2   BANK3   BANK4   BANK5
      Params:         0       0       0       0       0       0       0
      Locals:         0       0       0       0       0       0       0
      Temps:          0       0       0       0       0       0       0
      Totals:         0       0       0       0       0       0       0
Total ram usage:        0 bytes
 Hardware stack levels used:    1
 This function calls:
		Nothing
 This function is called by:
		_INT2_ISR
 This function uses a non-reentrant model


 *************** function _INT1_ISR *****************
 Defined at:
		line 3166 in file "picuno.c"
 Parameters:    Size  Location     Type
		None
 Auto vars:     Size  Location     Type
		None
 Return value:  Size  Location     Type
		None               void
 Registers used:
		wreg, status,2, status,0, cstack
 Tracked objects:
		On entry : 
		On exit  : 
		Unchanged: 
 Data sizes:     COMRAM   BANK0   BANK1   BANK2   BANK3   BANK4   BANK5
      Params:         0       0       0       0       0       0       0
      Locals:         0       0       0       0       0       0       0
      Temps:          0       0       0       0       0       0       0
      Totals:         0       0       0       0       0       0       0
Total ram usage:        0 bytes
 Hardware stack levels used:    1
 Hardware stack levels required when called:    1
 This function calls:
		_INT1_CallBack
 This function is called by:
		_InterruptHandlerHigh
 This function uses a non-reentrant model


 *************** function _INT1_CallBack *****************
 Defined at:
		line 3174 in file "picuno.c"
 Parameters:    Size  Location     Type
		None
 Auto vars:     Size  Location     Type
		None
 Return value:  Size  Location     Type
		None               void
 Registers used:
		wreg, status,2, status,0
 Tracked objects:
		On entry : 
		On exit  : 
		Unchanged: 
 Data sizes:     COMRAM   BANK0   BANK1   BANK2   BANK3   BANK4   BANK5
      Params:         0       0       0       0       0       0       0
      Locals:         0       0       0       0       0       0       0
      Temps:          0       0       0       0       0       0       0
      Totals:         0       0       0       0       0       0       0
Total ram usage:        0 bytes
 Hardware stack levels used:    1
 This function calls:
		Nothing
 This function is called by:
		_INT1_ISR
 This function uses a non-reentrant model


 *************** function _INT0_ISR *****************
 Defined at:
		line 3145 in file "picuno.c"
 Parameters:    Size  Location     Type
		None
 Auto vars:     Size  Location     Type
		None
 Return value:  Size  Location     Type
		None               void
 Registers used:
		wreg, status,2, status,0, cstack
 Tracked objects:
		On entry : 
		On exit  : 
		Unchanged: 
 Data sizes:     COMRAM   BANK0   BANK1   BANK2   BANK3   BANK4   BANK5
      Params:         0       0       0       0       0       0       0
      Locals:         0       0       0       0       0       0       0
      Temps:          0       0       0       0       0       0       0
      Totals:         0       0       0       0       0       0       0
Total ram usage:        0 bytes
 Hardware stack levels used:    1
 Hardware stack levels required when called:    1
 This function calls:
		_INT0_CallBack
 This function is called by:
		_InterruptHandlerHigh
 This function uses a non-reentrant model


 *************** function _INT0_CallBack *****************
 Defined at:
		line 3153 in file "picuno.c"
 Parameters:    Size  Location     Type
		None
 Auto vars:     Size  Location     Type
		None
 Return value:  Size  Location     Type
		None               void
 Registers used:
		wreg, status,2, status,0
 Tracked objects:
		On entry : 
		On exit  : 
		Unchanged: 
 Data sizes:     COMRAM   BANK0   BANK1   BANK2   BANK3   BANK4   BANK5
      Params:         0       0       0       0       0       0       0
      Locals:         0       0       0       0       0       0       0
      Temps:          0       0       0       0       0       0       0
      Totals:         0       0       0       0       0       0       0
Total ram usage:        0 bytes
 Hardware stack levels used:    1
 This function calls:
		Nothing
 This function is called by:
		_INT0_ISR
 This function uses a non-reentrant model



MODULE INFORMATION

Module		Function		Class		Link	Load	Size
lab4_template.c
		_loop          		CODE           	1166	0000	288
		_stop          		CODE           	17FE	0000	38
		_disable_motor 		CODE           	1846	0000	32
		_setup         		CODE           	133A	0000	174
		_enable_motor  		CODE           	1866	0000	32

lab4_template.c estimated size: 564

C:\Program Files (x86)\Microchip\xc8\v1.33\sources\common\doprnt.c
		_sprintf       		CODE           	151E	0000	132

C:\Program Files (x86)\Microchip\xc8\v1.33\sources\common\doprnt.c estimated size: 132

C:\Program Files (x86)\Microchip\xc8\v1.33\sources\common\lldiv.c
		___lldiv       		CODE           	13E8	0000	156

C:\Program Files (x86)\Microchip\xc8\v1.33\sources\common\lldiv.c estimated size: 156

shared
		__stringdata   		SMALLCONST     	0601	0000	36
		__initializatio		CODE           	16B6	0000	68

shared estimated size: 104

picuno.c
		_init          		CODE           	1484	0000	154
		_delay         		CODE           	17A8	0000	44
		_sync          		CODE           	189E	0000	12
		_main          		CODE           	1886	0000	24
		_Serial2_read  		CODE           	1704	0000	60
		_Serial2_putc  		CODE           	1664	0000	82
		_Serial2_begin 		CODE           	17D4	0000	42
		_Serial2_availa		CODE           	18C6	0000	4
		_digitalRead   		CODE           	0DF2	0000	574
		_INT0_CallBack 		CODE           	18D0	0000	2
		_task          		CODE           	18CA	0000	2
		_digitalWrite  		CODE           	0B74	0000	638
		_timerSet      		CODE           	15A2	0000	100
		_INT1_CallBack 		CODE           	18CE	0000	2
		_pwm_on        		CODE           	1286	0000	180
		_INT2_CallBack 		CODE           	18CC	0000	2
		_analogInput   		CODE           	1824	0000	34
		_InterruptHandl		CODE           	0008	0000	652
		_INT0_ISR      		CODE           	18BA	0000	8
		_pwm_out       		CODE           	1740	0000	56
		_uart_brg_set  		CODE           	1030	0000	310
		_timerUp       		CODE           	1778	0000	48
		_pinMode       		CODE           	0626	0000	1358
		_Serial2_printl		CODE           	1606	0000	94
		_INT1_ISR      		CODE           	18B2	0000	8
		_INT2_ISR      		CODE           	18AA	0000	8

picuno.c estimated size: 4498

